Archive member included because of file (symbol)

c:/winavr-20100110/bin/../lib/gcc/avr/4.3.3/avr5\libgcc.a(_mulsi3.o)
                              ./2-HAL/Servo_Motor/Servo_Program.o (__mulsi3)
c:/winavr-20100110/bin/../lib/gcc/avr/4.3.3/avr5\libgcc.a(_udivmodhi4.o)
                              ./2-HAL/Stepper_Motor/Stepper_Motor_Program.o (__udivmodhi4)
c:/winavr-20100110/bin/../lib/gcc/avr/4.3.3/avr5\libgcc.a(_udivmodsi4.o)
                              ./2-HAL/Servo_Motor/Servo_Program.o (__udivmodsi4)
c:/winavr-20100110/bin/../lib/gcc/avr/4.3.3/avr5\libgcc.a(_exit.o)
                              c:/winavr-20100110/bin/../lib/gcc/avr/4.3.3/../../../../avr/lib/avr5/crtm32.o (exit)
c:/winavr-20100110/bin/../lib/gcc/avr/4.3.3/avr5\libgcc.a(_copy_data.o)
                              ./4-APP/main.o (__do_copy_data)
c:/winavr-20100110/bin/../lib/gcc/avr/4.3.3/avr5\libgcc.a(_clear_bss.o)
                              ./4-APP/main.o (__do_clear_bss)
c:/winavr-20100110/bin/../lib/gcc/avr/4.3.3/avr5\libgcc.a(_fixunssfsi.o)
                              ./4-APP/main.o (__fixunssfsi)
c:/winavr-20100110/bin/../lib/gcc/avr/4.3.3/avr5\libgcc.a(_addsub_sf.o)
                              c:/winavr-20100110/bin/../lib/gcc/avr/4.3.3/avr5\libgcc.a(_fixunssfsi.o) (__subsf3)
c:/winavr-20100110/bin/../lib/gcc/avr/4.3.3/avr5\libgcc.a(_mul_sf.o)
                              ./4-APP/main.o (__mulsf3)
c:/winavr-20100110/bin/../lib/gcc/avr/4.3.3/avr5\libgcc.a(_div_sf.o)
                              ./2-HAL/LCD/LCD_Program.o (__divsf3)
c:/winavr-20100110/bin/../lib/gcc/avr/4.3.3/avr5\libgcc.a(_gt_sf.o)
                              ./4-APP/main.o (__gtsf2)
c:/winavr-20100110/bin/../lib/gcc/avr/4.3.3/avr5\libgcc.a(_ge_sf.o)
                              c:/winavr-20100110/bin/../lib/gcc/avr/4.3.3/avr5\libgcc.a(_fixunssfsi.o) (__gesf2)
c:/winavr-20100110/bin/../lib/gcc/avr/4.3.3/avr5\libgcc.a(_lt_sf.o)
                              ./4-APP/main.o (__ltsf2)
c:/winavr-20100110/bin/../lib/gcc/avr/4.3.3/avr5\libgcc.a(_sf_to_si.o)
                              c:/winavr-20100110/bin/../lib/gcc/avr/4.3.3/avr5\libgcc.a(_fixunssfsi.o) (__fixsfsi)
c:/winavr-20100110/bin/../lib/gcc/avr/4.3.3/avr5\libgcc.a(_thenan_sf.o)
                              c:/winavr-20100110/bin/../lib/gcc/avr/4.3.3/avr5\libgcc.a(_addsub_sf.o) (__thenan_sf)
c:/winavr-20100110/bin/../lib/gcc/avr/4.3.3/avr5\libgcc.a(_prologue.o)
                              c:/winavr-20100110/bin/../lib/gcc/avr/4.3.3/avr5\libgcc.a(_addsub_sf.o) (__prologue_saves__)
c:/winavr-20100110/bin/../lib/gcc/avr/4.3.3/avr5\libgcc.a(_epilogue.o)
                              c:/winavr-20100110/bin/../lib/gcc/avr/4.3.3/avr5\libgcc.a(_addsub_sf.o) (__epilogue_restores__)
c:/winavr-20100110/bin/../lib/gcc/avr/4.3.3/avr5\libgcc.a(_pack_sf.o)
                              c:/winavr-20100110/bin/../lib/gcc/avr/4.3.3/avr5\libgcc.a(_addsub_sf.o) (__pack_f)
c:/winavr-20100110/bin/../lib/gcc/avr/4.3.3/avr5\libgcc.a(_unpack_sf.o)
                              c:/winavr-20100110/bin/../lib/gcc/avr/4.3.3/avr5\libgcc.a(_addsub_sf.o) (__unpack_f)
c:/winavr-20100110/bin/../lib/gcc/avr/4.3.3/avr5\libgcc.a(_fpcmp_parts_sf.o)
                              c:/winavr-20100110/bin/../lib/gcc/avr/4.3.3/avr5\libgcc.a(_gt_sf.o) (__fpcmp_parts_f)

Allocating common symbols
Common symbol       size              file

userPass            0x5               ./4-APP/main.o

Memory Configuration

Name             Origin             Length             Attributes
text             0x00000000         0x00020000         xr
data             0x00800060         0x0000ffa0         rw !x
eeprom           0x00810000         0x00010000         rw !x
fuse             0x00820000         0x00000400         rw !x
lock             0x00830000         0x00000400         rw !x
signature        0x00840000         0x00000400         rw !x
*default*        0x00000000         0xffffffff

Linker script and memory map

LOAD c:/winavr-20100110/bin/../lib/gcc/avr/4.3.3/../../../../avr/lib/avr5/crtm32.o
LOAD ./4-APP/main.o
LOAD ./2-HAL/Switch/Switcg_Config.o
LOAD ./2-HAL/Switch/Switch_Program.o
LOAD ./2-HAL/Stepper_Motor/Stepper_Motor_Program.o
LOAD ./2-HAL/SevenSegment/SevenSEG_Program.o
LOAD ./2-HAL/Servo_Motor/Servo_Program.o
LOAD ./2-HAL/LCD/LCD_Program.o
LOAD ./2-HAL/Keypad/Keypad_Program.o
LOAD ./1-MCAL/Timers/Timer_Program.o
LOAD ./1-MCAL/DIO/DIO_program.o
LOAD ./1-MCAL/ADC/ADC_Program.o
LOAD c:/winavr-20100110/bin/../lib/gcc/avr/4.3.3/avr5\libgcc.a
LOAD c:/winavr-20100110/bin/../lib/gcc/avr/4.3.3/../../../../avr/lib/avr5\libc.a
LOAD c:/winavr-20100110/bin/../lib/gcc/avr/4.3.3/avr5\libgcc.a

.hash
 *(.hash)

.dynsym
 *(.dynsym)

.dynstr
 *(.dynstr)

.gnu.version
 *(.gnu.version)

.gnu.version_d
 *(.gnu.version_d)

.gnu.version_r
 *(.gnu.version_r)

.rel.init
 *(.rel.init)

.rela.init
 *(.rela.init)

.rel.text
 *(.rel.text)
 *(.rel.text.*)
 *(.rel.gnu.linkonce.t*)

.rela.text
 *(.rela.text)
 *(.rela.text.*)
 *(.rela.gnu.linkonce.t*)

.rel.fini
 *(.rel.fini)

.rela.fini
 *(.rela.fini)

.rel.rodata
 *(.rel.rodata)
 *(.rel.rodata.*)
 *(.rel.gnu.linkonce.r*)

.rela.rodata
 *(.rela.rodata)
 *(.rela.rodata.*)
 *(.rela.gnu.linkonce.r*)

.rel.data
 *(.rel.data)
 *(.rel.data.*)
 *(.rel.gnu.linkonce.d*)

.rela.data
 *(.rela.data)
 *(.rela.data.*)
 *(.rela.gnu.linkonce.d*)

.rel.ctors
 *(.rel.ctors)

.rela.ctors
 *(.rela.ctors)

.rel.dtors
 *(.rel.dtors)

.rela.dtors
 *(.rela.dtors)

.rel.got
 *(.rel.got)

.rela.got
 *(.rela.got)

.rel.bss
 *(.rel.bss)

.rela.bss
 *(.rela.bss)

.rel.plt
 *(.rel.plt)

.rela.plt
 *(.rela.plt)

.text           0x00000000     0x4ab4
 *(.vectors)
 .vectors       0x00000000       0x54 c:/winavr-20100110/bin/../lib/gcc/avr/4.3.3/../../../../avr/lib/avr5/crtm32.o
                0x00000000                __vectors
                0x00000000                __vector_default
 *(.vectors)
 *(.progmem.gcc*)
 *(.progmem*)
                0x00000054                . = ALIGN (0x2)
                0x00000054                __trampolines_start = .
 *(.trampolines)
 .trampolines   0x00000054        0x0 linker stubs
 *(.trampolines*)
                0x00000054                __trampolines_end = .
 *(.jumptables)
 *(.jumptables*)
 *(.lowtext)
 *(.lowtext*)
                0x00000054                __ctors_start = .
 *(.ctors)
                0x00000054                __ctors_end = .
                0x00000054                __dtors_start = .
 *(.dtors)
                0x00000054                __dtors_end = .
 SORT(*)(.ctors)
 SORT(*)(.dtors)
 *(.init0)
 .init0         0x00000054        0x0 c:/winavr-20100110/bin/../lib/gcc/avr/4.3.3/../../../../avr/lib/avr5/crtm32.o
                0x00000054                __init
 *(.init0)
 *(.init1)
 *(.init1)
 *(.init2)
 .init2         0x00000054        0xc c:/winavr-20100110/bin/../lib/gcc/avr/4.3.3/../../../../avr/lib/avr5/crtm32.o
 *(.init2)
 *(.init3)
 *(.init3)
 *(.init4)
 .init4         0x00000060       0x16 c:/winavr-20100110/bin/../lib/gcc/avr/4.3.3/avr5\libgcc.a(_copy_data.o)
                0x00000060                __do_copy_data
 .init4         0x00000076       0x10 c:/winavr-20100110/bin/../lib/gcc/avr/4.3.3/avr5\libgcc.a(_clear_bss.o)
                0x00000076                __do_clear_bss
 *(.init4)
 *(.init5)
 *(.init5)
 *(.init6)
 *(.init6)
 *(.init7)
 *(.init7)
 *(.init8)
 *(.init8)
 *(.init9)
 .init9         0x00000086        0x8 c:/winavr-20100110/bin/../lib/gcc/avr/4.3.3/../../../../avr/lib/avr5/crtm32.o
 *(.init9)
 *(.text)
 .text          0x0000008e        0x4 c:/winavr-20100110/bin/../lib/gcc/avr/4.3.3/../../../../avr/lib/avr5/crtm32.o
                0x0000008e                __vector_1
                0x0000008e                __vector_12
                0x0000008e                __bad_interrupt
                0x0000008e                __vector_6
                0x0000008e                __vector_3
                0x0000008e                __vector_13
                0x0000008e                __vector_17
                0x0000008e                __vector_19
                0x0000008e                __vector_5
                0x0000008e                __vector_4
                0x0000008e                __vector_2
                0x0000008e                __vector_15
                0x0000008e                __vector_14
                0x0000008e                __vector_18
                0x0000008e                __vector_20
 .text          0x00000092        0x0 ./4-APP/main.o
 .text          0x00000092        0x0 ./2-HAL/Switch/Switcg_Config.o
 .text          0x00000092        0x0 ./2-HAL/Switch/Switch_Program.o
 .text          0x00000092        0x0 ./2-HAL/Stepper_Motor/Stepper_Motor_Program.o
 .text          0x00000092        0x0 ./2-HAL/SevenSegment/SevenSEG_Program.o
 .text          0x00000092        0x0 ./2-HAL/Servo_Motor/Servo_Program.o
 .text          0x00000092        0x0 ./2-HAL/LCD/LCD_Program.o
 .text          0x00000092        0x0 ./2-HAL/Keypad/Keypad_Program.o
 .text          0x00000092        0x0 ./1-MCAL/Timers/Timer_Program.o
 .text          0x00000092        0x0 ./1-MCAL/DIO/DIO_program.o
 .text          0x00000092        0x0 ./1-MCAL/ADC/ADC_Program.o
 .text          0x00000092        0x0 c:/winavr-20100110/bin/../lib/gcc/avr/4.3.3/avr5\libgcc.a(_mulsi3.o)
 .text          0x00000092        0x0 c:/winavr-20100110/bin/../lib/gcc/avr/4.3.3/avr5\libgcc.a(_udivmodhi4.o)
 .text          0x00000092        0x0 c:/winavr-20100110/bin/../lib/gcc/avr/4.3.3/avr5\libgcc.a(_udivmodsi4.o)
 .text          0x00000092        0x0 c:/winavr-20100110/bin/../lib/gcc/avr/4.3.3/avr5\libgcc.a(_exit.o)
 .text          0x00000092        0x0 c:/winavr-20100110/bin/../lib/gcc/avr/4.3.3/avr5\libgcc.a(_copy_data.o)
 .text          0x00000092        0x0 c:/winavr-20100110/bin/../lib/gcc/avr/4.3.3/avr5\libgcc.a(_clear_bss.o)
 .text          0x00000092       0x58 c:/winavr-20100110/bin/../lib/gcc/avr/4.3.3/avr5\libgcc.a(_fixunssfsi.o)
                0x00000092                __fixunssfsi
 .text          0x000000ea      0x354 c:/winavr-20100110/bin/../lib/gcc/avr/4.3.3/avr5\libgcc.a(_addsub_sf.o)
                0x00000382                __subsf3
                0x000003e4                __addsf3
 .text          0x0000043e      0x1f4 c:/winavr-20100110/bin/../lib/gcc/avr/4.3.3/avr5\libgcc.a(_mul_sf.o)
                0x0000043e                __mulsf3
 .text          0x00000632      0x158 c:/winavr-20100110/bin/../lib/gcc/avr/4.3.3/avr5\libgcc.a(_div_sf.o)
                0x00000632                __divsf3
 .text          0x0000078a       0x60 c:/winavr-20100110/bin/../lib/gcc/avr/4.3.3/avr5\libgcc.a(_gt_sf.o)
                0x0000078a                __gtsf2
 .text          0x000007ea       0x60 c:/winavr-20100110/bin/../lib/gcc/avr/4.3.3/avr5\libgcc.a(_ge_sf.o)
                0x000007ea                __gesf2
 .text          0x0000084a       0x60 c:/winavr-20100110/bin/../lib/gcc/avr/4.3.3/avr5\libgcc.a(_lt_sf.o)
                0x0000084a                __ltsf2
 .text          0x000008aa       0xa8 c:/winavr-20100110/bin/../lib/gcc/avr/4.3.3/avr5\libgcc.a(_sf_to_si.o)
                0x000008aa                __fixsfsi
 .text          0x00000952        0x0 c:/winavr-20100110/bin/../lib/gcc/avr/4.3.3/avr5\libgcc.a(_thenan_sf.o)
 .text          0x00000952        0x0 c:/winavr-20100110/bin/../lib/gcc/avr/4.3.3/avr5\libgcc.a(_prologue.o)
 .text          0x00000952        0x0 c:/winavr-20100110/bin/../lib/gcc/avr/4.3.3/avr5\libgcc.a(_epilogue.o)
 .text          0x00000952      0x1aa c:/winavr-20100110/bin/../lib/gcc/avr/4.3.3/avr5\libgcc.a(_pack_sf.o)
                0x00000952                __pack_f
 .text          0x00000afc       0xf0 c:/winavr-20100110/bin/../lib/gcc/avr/4.3.3/avr5\libgcc.a(_unpack_sf.o)
                0x00000afc                __unpack_f
 .text          0x00000bec       0xb2 c:/winavr-20100110/bin/../lib/gcc/avr/4.3.3/avr5\libgcc.a(_fpcmp_parts_sf.o)
                0x00000bec                __fpcmp_parts_f
                0x00000c9e                . = ALIGN (0x2)
 *(.text.*)
 .text.main     0x00000c9e       0x26 ./4-APP/main.o
                0x00000c9e                main
 .text.wrongPasswordHandling
                0x00000cc4      0x132 ./4-APP/main.o
                0x00000cc4                wrongPasswordHandling
 .text.getUserPassword
                0x00000df6      0x306 ./4-APP/main.o
                0x00000df6                getUserPassword
 .text.displayOptionsAndGetUserOption
                0x000010fc       0x48 ./4-APP/main.o
                0x000010fc                displayOptionsAndGetUserOption
 .text.checkSide
                0x00001144      0x474 ./4-APP/main.o
                0x00001144                checkSide
 .text.SW_enu_Init
                0x000015b8       0xd0 ./2-HAL/Switch/Switch_Program.o
                0x000015b8                SW_enu_Init
 .text.SW_enu_getValue
                0x00001688      0x142 ./2-HAL/Switch/Switch_Program.o
                0x00001688                SW_enu_getValue
 .text.STEP_Motor_enu_Init
                0x000017ca       0x60 ./2-HAL/Stepper_Motor/Stepper_Motor_Program.o
                0x000017ca                STEP_Motor_enu_Init
 .text.STEP_Motor_enu_Rotate
                0x0000182a      0x38c ./2-HAL/Stepper_Motor/Stepper_Motor_Program.o
                0x0000182a                STEP_Motor_enu_Rotate
 .text.STEP_Motor_enu_Stop
                0x00001bb6      0x134 ./2-HAL/Stepper_Motor/Stepper_Motor_Program.o
                0x00001bb6                STEP_Motor_enu_Stop
 .text.sevenSeg_enu_displayNum
                0x00001cea       0x98 ./2-HAL/SevenSegment/SevenSEG_Program.o
                0x00001cea                sevenSeg_enu_displayNum
 .text.Servo_enu_Init
                0x00001d82       0x2e ./2-HAL/Servo_Motor/Servo_Program.o
                0x00001d82                Servo_enu_Init
 .text.Servo_enu_SetAngle
                0x00001db0       0x80 ./2-HAL/Servo_Motor/Servo_Program.o
                0x00001db0                Servo_enu_SetAngle
 .text.Servo_enu_Stop
                0x00001e30       0x16 ./2-HAL/Servo_Motor/Servo_Program.o
                0x00001e30                Servo_enu_Stop
 .text.LCD_enu_SendCmnd
                0x00001e46      0x400 ./2-HAL/LCD/LCD_Program.o
                0x00001e46                LCD_enu_SendCmnd
 .text.LCD_enu_SendChar
                0x00002246      0x400 ./2-HAL/LCD/LCD_Program.o
                0x00002246                LCD_enu_SendChar
 .text.LCD_enu_SendString
                0x00002646       0x66 ./2-HAL/LCD/LCD_Program.o
                0x00002646                LCD_enu_SendString
 .text.LCD_enu_SendNum
                0x000026ac       0xee ./2-HAL/LCD/LCD_Program.o
                0x000026ac                LCD_enu_SendNum
 .text.LCD_enu_SetCursor
                0x0000279a       0x66 ./2-HAL/LCD/LCD_Program.o
                0x0000279a                LCD_enu_SetCursor
 .text.LCD_enu_Init
                0x00002800      0x5da ./2-HAL/LCD/LCD_Program.o
                0x00002800                LCD_enu_Init
 .text.LCD_enu_Clear
                0x00002dda      0x112 ./2-HAL/LCD/LCD_Program.o
                0x00002dda                LCD_enu_Clear
 .text.LCD_enu_sendCustomChar
                0x00002eec       0xa0 ./2-HAL/LCD/LCD_Program.o
                0x00002eec                LCD_enu_sendCustomChar
 .text.Keypad_enu_Init
                0x00002f8c       0x84 ./2-HAL/Keypad/Keypad_Program.o
                0x00002f8c                Keypad_enu_Init
 .text.Keypad_enu_getKey
                0x00003010      0x220 ./2-HAL/Keypad/Keypad_Program.o
                0x00003010                Keypad_enu_getKey
 .text.Timers_enu_Init
                0x00003230      0x3be ./1-MCAL/Timers/Timer_Program.o
                0x00003230                Timers_enu_Init
 .text.Timers_enu_SetCallBack
                0x000035ee      0x14a ./1-MCAL/Timers/Timer_Program.o
                0x000035ee                Timers_enu_SetCallBack
 .text.Timers_enu_SetCLKSource
                0x00003738       0xa0 ./1-MCAL/Timers/Timer_Program.o
                0x00003738                Timers_enu_SetCLKSource
 .text.Timers_enu_delay_ms
                0x000037d8      0x148 ./1-MCAL/Timers/Timer_Program.o
                0x000037d8                Timers_enu_delay_ms
 .text.Timers_enu_SetTimerValue
                0x00003920       0x6a ./1-MCAL/Timers/Timer_Program.o
                0x00003920                Timers_enu_SetTimerValue
 .text.Timers_enu_GetTimerValue
                0x0000398a       0x78 ./1-MCAL/Timers/Timer_Program.o
                0x0000398a                Timers_enu_GetTimerValue
 .text.Timers_enu_Timer0SetCompareValue
                0x00003a02       0x1e ./1-MCAL/Timers/Timer_Program.o
                0x00003a02                Timers_enu_Timer0SetCompareValue
 .text.Timers_enu_Timer1_setTopValue
                0x00003a20       0x28 ./1-MCAL/Timers/Timer_Program.o
                0x00003a20                Timers_enu_Timer1_setTopValue
 .text.Timers_enu_Timer1SetCompareValue
                0x00003a48       0x6e ./1-MCAL/Timers/Timer_Program.o
                0x00003a48                Timers_enu_Timer1SetCompareValue
 .text.Timers_enu_Stop
                0x00003ab6       0x9c ./1-MCAL/Timers/Timer_Program.o
                0x00003ab6                Timers_enu_Stop
 .text.__vector_7
                0x00003b52       0x66 ./1-MCAL/Timers/Timer_Program.o
                0x00003b52                __vector_7
 .text.__vector_8
                0x00003bb8       0x66 ./1-MCAL/Timers/Timer_Program.o
                0x00003bb8                __vector_8
 .text.__vector_9
                0x00003c1e       0x66 ./1-MCAL/Timers/Timer_Program.o
                0x00003c1e                __vector_9
 .text.__vector_10
                0x00003c84       0x66 ./1-MCAL/Timers/Timer_Program.o
                0x00003c84                __vector_10
 .text.__vector_11
                0x00003cea       0x66 ./1-MCAL/Timers/Timer_Program.o
                0x00003cea                __vector_11
 .text.DIO_enu_Init
                0x00003d50       0x4a ./1-MCAL/DIO/DIO_program.o
                0x00003d50                DIO_enu_Init
 .text.DIO_enu_SetPinDirection
                0x00003d9a      0x254 ./1-MCAL/DIO/DIO_program.o
                0x00003d9a                DIO_enu_SetPinDirection
 .text.DIO_enu_SetPinValue
                0x00003fee      0x254 ./1-MCAL/DIO/DIO_program.o
                0x00003fee                DIO_enu_SetPinValue
 .text.DIO_enu_GetPinValue
                0x00004242      0x132 ./1-MCAL/DIO/DIO_program.o
                0x00004242                DIO_enu_GetPinValue
 .text.DIO_enu_SetPortDirection
                0x00004374      0x142 ./1-MCAL/DIO/DIO_program.o
                0x00004374                DIO_enu_SetPortDirection
 .text.DIO_enu_SetPortValue
                0x000044b6       0x96 ./1-MCAL/DIO/DIO_program.o
                0x000044b6                DIO_enu_SetPortValue
 .text.DIO_enu_GetPortValue
                0x0000454c       0xb4 ./1-MCAL/DIO/DIO_program.o
                0x0000454c                DIO_enu_GetPortValue
 .text.DIO_enu_ToggPin
                0x00004600      0x118 ./1-MCAL/DIO/DIO_program.o
                0x00004600                DIO_enu_ToggPin
 .text.ADC_enu_Init
                0x00004718       0x64 ./1-MCAL/ADC/ADC_Program.o
                0x00004718                ADC_enu_Init
 .text.ADC_enu_GetDigitalValueSynchNonBlocking
                0x0000477c      0x10e ./1-MCAL/ADC/ADC_Program.o
                0x0000477c                ADC_enu_GetDigitalValueSynchNonBlocking
 .text.ADC_enu_GetDigitalValueASynch
                0x0000488a       0x8c ./1-MCAL/ADC/ADC_Program.o
                0x0000488a                ADC_enu_GetDigitalValueASynch
 .text.__vector_16
                0x00004916       0x82 ./1-MCAL/ADC/ADC_Program.o
                0x00004916                __vector_16
 .text.libgcc   0x00004998       0x3e c:/winavr-20100110/bin/../lib/gcc/avr/4.3.3/avr5\libgcc.a(_mulsi3.o)
                0x00004998                __mulsi3
 .text.libgcc   0x000049d6       0x28 c:/winavr-20100110/bin/../lib/gcc/avr/4.3.3/avr5\libgcc.a(_udivmodhi4.o)
                0x000049d6                __udivmodhi4
 .text.libgcc   0x000049fe       0x44 c:/winavr-20100110/bin/../lib/gcc/avr/4.3.3/avr5\libgcc.a(_udivmodsi4.o)
                0x000049fe                __udivmodsi4
 .text.libgcc   0x00004a42        0x0 c:/winavr-20100110/bin/../lib/gcc/avr/4.3.3/avr5\libgcc.a(_exit.o)
 .text.libgcc   0x00004a42        0x0 c:/winavr-20100110/bin/../lib/gcc/avr/4.3.3/avr5\libgcc.a(_copy_data.o)
 .text.libgcc   0x00004a42        0x0 c:/winavr-20100110/bin/../lib/gcc/avr/4.3.3/avr5\libgcc.a(_clear_bss.o)
 .text.libgcc   0x00004a42       0x38 c:/winavr-20100110/bin/../lib/gcc/avr/4.3.3/avr5\libgcc.a(_prologue.o)
                0x00004a42                __prologue_saves__
 .text.libgcc   0x00004a7a       0x36 c:/winavr-20100110/bin/../lib/gcc/avr/4.3.3/avr5\libgcc.a(_epilogue.o)
                0x00004a7a                __epilogue_restores__
                0x00004ab0                . = ALIGN (0x2)
 *(.fini9)
 .fini9         0x00004ab0        0x0 c:/winavr-20100110/bin/../lib/gcc/avr/4.3.3/avr5\libgcc.a(_exit.o)
                0x00004ab0                exit
                0x00004ab0                _exit
 *(.fini9)
 *(.fini8)
 *(.fini8)
 *(.fini7)
 *(.fini7)
 *(.fini6)
 *(.fini6)
 *(.fini5)
 *(.fini5)
 *(.fini4)
 *(.fini4)
 *(.fini3)
 *(.fini3)
 *(.fini2)
 *(.fini2)
 *(.fini1)
 *(.fini1)
 *(.fini0)
 .fini0         0x00004ab0        0x4 c:/winavr-20100110/bin/../lib/gcc/avr/4.3.3/avr5\libgcc.a(_exit.o)
 *(.fini0)
                0x00004ab4                _etext = .

.data           0x00800060       0xc2 load address 0x00004ab4
                0x00800060                PROVIDE (__data_start, .)
 *(.data)
 .data          0x00800060        0x0 c:/winavr-20100110/bin/../lib/gcc/avr/4.3.3/../../../../avr/lib/avr5/crtm32.o
 .data          0x00800060       0x89 ./4-APP/main.o
 .data          0x008000e9        0x0 ./2-HAL/Switch/Switcg_Config.o
 .data          0x008000e9        0x0 ./2-HAL/Switch/Switch_Program.o
 .data          0x008000e9        0x0 ./2-HAL/Stepper_Motor/Stepper_Motor_Program.o
 .data          0x008000e9        0x0 ./2-HAL/SevenSegment/SevenSEG_Program.o
 .data          0x008000e9        0x0 ./2-HAL/Servo_Motor/Servo_Program.o
 .data          0x008000e9        0x0 ./2-HAL/LCD/LCD_Program.o
 .data          0x008000e9        0x0 ./2-HAL/Keypad/Keypad_Program.o
 .data          0x008000e9        0x0 ./1-MCAL/Timers/Timer_Program.o
 .data          0x008000e9        0x0 ./1-MCAL/DIO/DIO_program.o
 .data          0x008000e9        0x0 ./1-MCAL/ADC/ADC_Program.o
 .data          0x008000e9        0x0 c:/winavr-20100110/bin/../lib/gcc/avr/4.3.3/avr5\libgcc.a(_mulsi3.o)
 .data          0x008000e9        0x0 c:/winavr-20100110/bin/../lib/gcc/avr/4.3.3/avr5\libgcc.a(_udivmodhi4.o)
 .data          0x008000e9        0x0 c:/winavr-20100110/bin/../lib/gcc/avr/4.3.3/avr5\libgcc.a(_udivmodsi4.o)
 .data          0x008000e9        0x0 c:/winavr-20100110/bin/../lib/gcc/avr/4.3.3/avr5\libgcc.a(_exit.o)
 .data          0x008000e9        0x0 c:/winavr-20100110/bin/../lib/gcc/avr/4.3.3/avr5\libgcc.a(_copy_data.o)
 .data          0x008000e9        0x0 c:/winavr-20100110/bin/../lib/gcc/avr/4.3.3/avr5\libgcc.a(_clear_bss.o)
 .data          0x008000e9        0x0 c:/winavr-20100110/bin/../lib/gcc/avr/4.3.3/avr5\libgcc.a(_fixunssfsi.o)
 .data          0x008000e9        0x0 c:/winavr-20100110/bin/../lib/gcc/avr/4.3.3/avr5\libgcc.a(_addsub_sf.o)
 .data          0x008000e9        0x0 c:/winavr-20100110/bin/../lib/gcc/avr/4.3.3/avr5\libgcc.a(_mul_sf.o)
 .data          0x008000e9        0x0 c:/winavr-20100110/bin/../lib/gcc/avr/4.3.3/avr5\libgcc.a(_div_sf.o)
 .data          0x008000e9        0x0 c:/winavr-20100110/bin/../lib/gcc/avr/4.3.3/avr5\libgcc.a(_gt_sf.o)
 .data          0x008000e9        0x0 c:/winavr-20100110/bin/../lib/gcc/avr/4.3.3/avr5\libgcc.a(_ge_sf.o)
 .data          0x008000e9        0x0 c:/winavr-20100110/bin/../lib/gcc/avr/4.3.3/avr5\libgcc.a(_lt_sf.o)
 .data          0x008000e9        0x0 c:/winavr-20100110/bin/../lib/gcc/avr/4.3.3/avr5\libgcc.a(_sf_to_si.o)
 .data          0x008000e9        0x8 c:/winavr-20100110/bin/../lib/gcc/avr/4.3.3/avr5\libgcc.a(_thenan_sf.o)
                0x008000e9                __thenan_sf
 .data          0x008000f1        0x0 c:/winavr-20100110/bin/../lib/gcc/avr/4.3.3/avr5\libgcc.a(_prologue.o)
 .data          0x008000f1        0x0 c:/winavr-20100110/bin/../lib/gcc/avr/4.3.3/avr5\libgcc.a(_epilogue.o)
 .data          0x008000f1        0x0 c:/winavr-20100110/bin/../lib/gcc/avr/4.3.3/avr5\libgcc.a(_pack_sf.o)
 .data          0x008000f1        0x0 c:/winavr-20100110/bin/../lib/gcc/avr/4.3.3/avr5\libgcc.a(_unpack_sf.o)
 .data          0x008000f1        0x0 c:/winavr-20100110/bin/../lib/gcc/avr/4.3.3/avr5\libgcc.a(_fpcmp_parts_sf.o)
 *(.data*)
 .data.pass     0x008000f1        0x6 ./4-APP/main.o
                0x008000f1                pass
 .data.switches
                0x008000f7        0x6 ./2-HAL/Switch/Switcg_Config.o
                0x008000f7                switches
 .data.SevenSeg_au8_Numbers
                0x008000fd        0xa ./2-HAL/SevenSegment/SevenSEG_Program.o
                0x008000fd                SevenSeg_au8_Numbers
 .data.SevenSeg_au8_Pins
                0x00800107        0x7 ./2-HAL/SevenSegment/SevenSEG_Program.o
                0x00800107                SevenSeg_au8_Pins
 *(.rodata)
 *(.rodata*)
 .rodata.Keypad_Au8_Keys
                0x0080010e        0xc ./2-HAL/Keypad/Keypad_Program.o
                0x0080010e                Keypad_Au8_Keys
 .rodata.Keypad_Au8_RowsPins
                0x0080011a        0x4 ./2-HAL/Keypad/Keypad_Program.o
                0x0080011a                Keypad_Au8_RowsPins
 .rodata.Keypad_Au8_ColsPins
                0x0080011e        0x3 ./2-HAL/Keypad/Keypad_Program.o
                0x0080011e                Keypad_Au8_ColsPins
 *(.gnu.linkonce.d*)
                0x00800122                . = ALIGN (0x2)
 *fill*         0x00800121        0x1 00
                0x00800122                _edata = .
                0x00800122                PROVIDE (__data_end, .)

.bss            0x00800122       0x1c
                0x00800122                PROVIDE (__bss_start, .)
 *(.bss)
 .bss           0x00800122        0x0 c:/winavr-20100110/bin/../lib/gcc/avr/4.3.3/../../../../avr/lib/avr5/crtm32.o
 .bss           0x00800122        0x0 ./4-APP/main.o
 .bss           0x00800122        0x0 ./2-HAL/Switch/Switcg_Config.o
 .bss           0x00800122        0x0 ./2-HAL/Switch/Switch_Program.o
 .bss           0x00800122        0x0 ./2-HAL/Stepper_Motor/Stepper_Motor_Program.o
 .bss           0x00800122        0x0 ./2-HAL/SevenSegment/SevenSEG_Program.o
 .bss           0x00800122        0x0 ./2-HAL/Servo_Motor/Servo_Program.o
 .bss           0x00800122        0x0 ./2-HAL/LCD/LCD_Program.o
 .bss           0x00800122        0x0 ./2-HAL/Keypad/Keypad_Program.o
 .bss           0x00800122        0x0 ./1-MCAL/Timers/Timer_Program.o
 .bss           0x00800122        0x0 ./1-MCAL/DIO/DIO_program.o
 .bss           0x00800122        0x0 ./1-MCAL/ADC/ADC_Program.o
 .bss           0x00800122        0x0 c:/winavr-20100110/bin/../lib/gcc/avr/4.3.3/avr5\libgcc.a(_mulsi3.o)
 .bss           0x00800122        0x0 c:/winavr-20100110/bin/../lib/gcc/avr/4.3.3/avr5\libgcc.a(_udivmodhi4.o)
 .bss           0x00800122        0x0 c:/winavr-20100110/bin/../lib/gcc/avr/4.3.3/avr5\libgcc.a(_udivmodsi4.o)
 .bss           0x00800122        0x0 c:/winavr-20100110/bin/../lib/gcc/avr/4.3.3/avr5\libgcc.a(_exit.o)
 .bss           0x00800122        0x0 c:/winavr-20100110/bin/../lib/gcc/avr/4.3.3/avr5\libgcc.a(_copy_data.o)
 .bss           0x00800122        0x0 c:/winavr-20100110/bin/../lib/gcc/avr/4.3.3/avr5\libgcc.a(_clear_bss.o)
 .bss           0x00800122        0x0 c:/winavr-20100110/bin/../lib/gcc/avr/4.3.3/avr5\libgcc.a(_fixunssfsi.o)
 .bss           0x00800122        0x0 c:/winavr-20100110/bin/../lib/gcc/avr/4.3.3/avr5\libgcc.a(_addsub_sf.o)
 .bss           0x00800122        0x0 c:/winavr-20100110/bin/../lib/gcc/avr/4.3.3/avr5\libgcc.a(_mul_sf.o)
 .bss           0x00800122        0x0 c:/winavr-20100110/bin/../lib/gcc/avr/4.3.3/avr5\libgcc.a(_div_sf.o)
 .bss           0x00800122        0x0 c:/winavr-20100110/bin/../lib/gcc/avr/4.3.3/avr5\libgcc.a(_gt_sf.o)
 .bss           0x00800122        0x0 c:/winavr-20100110/bin/../lib/gcc/avr/4.3.3/avr5\libgcc.a(_ge_sf.o)
 .bss           0x00800122        0x0 c:/winavr-20100110/bin/../lib/gcc/avr/4.3.3/avr5\libgcc.a(_lt_sf.o)
 .bss           0x00800122        0x0 c:/winavr-20100110/bin/../lib/gcc/avr/4.3.3/avr5\libgcc.a(_sf_to_si.o)
 .bss           0x00800122        0x0 c:/winavr-20100110/bin/../lib/gcc/avr/4.3.3/avr5\libgcc.a(_thenan_sf.o)
 .bss           0x00800122        0x0 c:/winavr-20100110/bin/../lib/gcc/avr/4.3.3/avr5\libgcc.a(_prologue.o)
 .bss           0x00800122        0x0 c:/winavr-20100110/bin/../lib/gcc/avr/4.3.3/avr5\libgcc.a(_epilogue.o)
 .bss           0x00800122        0x0 c:/winavr-20100110/bin/../lib/gcc/avr/4.3.3/avr5\libgcc.a(_pack_sf.o)
 .bss           0x00800122        0x0 c:/winavr-20100110/bin/../lib/gcc/avr/4.3.3/avr5\libgcc.a(_unpack_sf.o)
 .bss           0x00800122        0x0 c:/winavr-20100110/bin/../lib/gcc/avr/4.3.3/avr5\libgcc.a(_fpcmp_parts_sf.o)
 *(.bss*)
 .bss.Flag      0x00800122        0x1 ./4-APP/main.o
                0x00800122                Flag
 .bss.Index     0x00800123        0x1 ./4-APP/main.o
                0x00800123                Index
 .bss.adminFlag
                0x00800124        0x1 ./4-APP/main.o
                0x00800124                adminFlag
 .bss.option    0x00800125        0x1 ./4-APP/main.o
                0x00800125                option
 .bss.sensor1Value
                0x00800126        0x2 ./4-APP/main.o
                0x00800126                sensor1Value
 .bss.sensor2Value
                0x00800128        0x2 ./4-APP/main.o
                0x00800128                sensor2Value
 .bss.Timers_pf_Timer0
                0x0080012a        0x4 ./1-MCAL/Timers/Timer_Program.o
 .bss.Timers_pf_Timer1
                0x0080012e        0x6 ./1-MCAL/Timers/Timer_Program.o
 .bss.Timer0_u8_Prescaler
                0x00800134        0x1 ./1-MCAL/Timers/Timer_Program.o
 .bss.Timer1_u8_Prescaler
                0x00800135        0x1 ./1-MCAL/Timers/Timer_Program.o
 .bss.ADC_pf_Notification
                0x00800136        0x2 ./1-MCAL/ADC/ADC_Program.o
 .bss.ADC_u8_busyFlag
                0x00800138        0x1 ./1-MCAL/ADC/ADC_Program.o
 *(COMMON)
 COMMON         0x00800139        0x5 ./4-APP/main.o
                0x00800139                userPass
                0x0080013e                PROVIDE (__bss_end, .)
                0x00004ab4                __data_load_start = LOADADDR (.data)
                0x00004b76                __data_load_end = (__data_load_start + SIZEOF (.data))

.noinit         0x0080013e        0x0
                0x0080013e                PROVIDE (__noinit_start, .)
 *(.noinit*)
                0x0080013e                PROVIDE (__noinit_end, .)
                0x0080013e                _end = .
                0x0080013e                PROVIDE (__heap_start, .)

.eeprom         0x00810000        0x0
 *(.eeprom*)
                0x00810000                __eeprom_end = .

.fuse
 *(.fuse)
 *(.lfuse)
 *(.hfuse)
 *(.efuse)

.lock
 *(.lock*)

.signature
 *(.signature*)

.stab
 *(.stab)

.stabstr
 *(.stabstr)

.stab.excl
 *(.stab.excl)

.stab.exclstr
 *(.stab.exclstr)

.stab.index
 *(.stab.index)

.stab.indexstr
 *(.stab.indexstr)

.comment
 *(.comment)

.debug
 *(.debug)

.line
 *(.line)

.debug_srcinfo
 *(.debug_srcinfo)

.debug_sfnames
 *(.debug_sfnames)

.debug_aranges  0x00000000      0x3e8
 *(.debug_aranges)
 .debug_aranges
                0x00000000       0x40 ./4-APP/main.o
 .debug_aranges
                0x00000040       0x28 ./2-HAL/Switch/Switch_Program.o
 .debug_aranges
                0x00000068       0x30 ./2-HAL/Stepper_Motor/Stepper_Motor_Program.o
 .debug_aranges
                0x00000098       0x20 ./2-HAL/SevenSegment/SevenSEG_Program.o
 .debug_aranges
                0x000000b8       0x30 ./2-HAL/Servo_Motor/Servo_Program.o
 .debug_aranges
                0x000000e8       0x58 ./2-HAL/LCD/LCD_Program.o
 .debug_aranges
                0x00000140       0x28 ./2-HAL/Keypad/Keypad_Program.o
 .debug_aranges
                0x00000168       0x90 ./1-MCAL/Timers/Timer_Program.o
 .debug_aranges
                0x000001f8       0x58 ./1-MCAL/DIO/DIO_program.o
 .debug_aranges
                0x00000250       0x38 ./1-MCAL/ADC/ADC_Program.o
 .debug_aranges
                0x00000288       0x20 c:/winavr-20100110/bin/../lib/gcc/avr/4.3.3/avr5\libgcc.a(_fixunssfsi.o)
 .debug_aranges
                0x000002a8       0x20 c:/winavr-20100110/bin/../lib/gcc/avr/4.3.3/avr5\libgcc.a(_addsub_sf.o)
 .debug_aranges
                0x000002c8       0x20 c:/winavr-20100110/bin/../lib/gcc/avr/4.3.3/avr5\libgcc.a(_mul_sf.o)
 .debug_aranges
                0x000002e8       0x20 c:/winavr-20100110/bin/../lib/gcc/avr/4.3.3/avr5\libgcc.a(_div_sf.o)
 .debug_aranges
                0x00000308       0x20 c:/winavr-20100110/bin/../lib/gcc/avr/4.3.3/avr5\libgcc.a(_gt_sf.o)
 .debug_aranges
                0x00000328       0x20 c:/winavr-20100110/bin/../lib/gcc/avr/4.3.3/avr5\libgcc.a(_ge_sf.o)
 .debug_aranges
                0x00000348       0x20 c:/winavr-20100110/bin/../lib/gcc/avr/4.3.3/avr5\libgcc.a(_lt_sf.o)
 .debug_aranges
                0x00000368       0x20 c:/winavr-20100110/bin/../lib/gcc/avr/4.3.3/avr5\libgcc.a(_sf_to_si.o)
 .debug_aranges
                0x00000388       0x20 c:/winavr-20100110/bin/../lib/gcc/avr/4.3.3/avr5\libgcc.a(_pack_sf.o)
 .debug_aranges
                0x000003a8       0x20 c:/winavr-20100110/bin/../lib/gcc/avr/4.3.3/avr5\libgcc.a(_unpack_sf.o)
 .debug_aranges
                0x000003c8       0x20 c:/winavr-20100110/bin/../lib/gcc/avr/4.3.3/avr5\libgcc.a(_fpcmp_parts_sf.o)

.debug_pubnames
                0x00000000      0x7d4
 *(.debug_pubnames)
 .debug_pubnames
                0x00000000       0xde ./4-APP/main.o
 .debug_pubnames
                0x000000de       0x1f ./2-HAL/Switch/Switcg_Config.o
 .debug_pubnames
                0x000000fd       0x36 ./2-HAL/Switch/Switch_Program.o
 .debug_pubnames
                0x00000133       0x5c ./2-HAL/Stepper_Motor/Stepper_Motor_Program.o
 .debug_pubnames
                0x0000018f       0x5d ./2-HAL/SevenSegment/SevenSEG_Program.o
 .debug_pubnames
                0x000001ec       0x4f ./2-HAL/Servo_Motor/Servo_Program.o
 .debug_pubnames
                0x0000023b       0xbb ./2-HAL/LCD/LCD_Program.o
 .debug_pubnames
                0x000002f6       0x80 ./2-HAL/Keypad/Keypad_Program.o
 .debug_pubnames
                0x00000376      0x17c ./1-MCAL/Timers/Timer_Program.o
 .debug_pubnames
                0x000004f2       0xd2 ./1-MCAL/DIO/DIO_program.o
 .debug_pubnames
                0x000005c4       0x81 ./1-MCAL/ADC/ADC_Program.o
 .debug_pubnames
                0x00000645       0x23 c:/winavr-20100110/bin/../lib/gcc/avr/4.3.3/avr5\libgcc.a(_fixunssfsi.o)
 .debug_pubnames
                0x00000668       0x2c c:/winavr-20100110/bin/../lib/gcc/avr/4.3.3/avr5\libgcc.a(_addsub_sf.o)
 .debug_pubnames
                0x00000694       0x1f c:/winavr-20100110/bin/../lib/gcc/avr/4.3.3/avr5\libgcc.a(_mul_sf.o)
 .debug_pubnames
                0x000006b3       0x1f c:/winavr-20100110/bin/../lib/gcc/avr/4.3.3/avr5\libgcc.a(_div_sf.o)
 .debug_pubnames
                0x000006d2       0x1e c:/winavr-20100110/bin/../lib/gcc/avr/4.3.3/avr5\libgcc.a(_gt_sf.o)
 .debug_pubnames
                0x000006f0       0x1e c:/winavr-20100110/bin/../lib/gcc/avr/4.3.3/avr5\libgcc.a(_ge_sf.o)
 .debug_pubnames
                0x0000070e       0x1e c:/winavr-20100110/bin/../lib/gcc/avr/4.3.3/avr5\libgcc.a(_lt_sf.o)
 .debug_pubnames
                0x0000072c       0x20 c:/winavr-20100110/bin/../lib/gcc/avr/4.3.3/avr5\libgcc.a(_sf_to_si.o)
 .debug_pubnames
                0x0000074c       0x22 c:/winavr-20100110/bin/../lib/gcc/avr/4.3.3/avr5\libgcc.a(_thenan_sf.o)
 .debug_pubnames
                0x0000076e       0x1f c:/winavr-20100110/bin/../lib/gcc/avr/4.3.3/avr5\libgcc.a(_pack_sf.o)
 .debug_pubnames
                0x0000078d       0x21 c:/winavr-20100110/bin/../lib/gcc/avr/4.3.3/avr5\libgcc.a(_unpack_sf.o)
 .debug_pubnames
                0x000007ae       0x26 c:/winavr-20100110/bin/../lib/gcc/avr/4.3.3/avr5\libgcc.a(_fpcmp_parts_sf.o)

.debug_info     0x00000000     0x3ef9
 *(.debug_info)
 .debug_info    0x00000000      0x44d ./4-APP/main.o
 .debug_info    0x0000044d       0xcf ./2-HAL/Switch/Switcg_Config.o
 .debug_info    0x0000051c      0x20b ./2-HAL/Switch/Switch_Program.o
 .debug_info    0x00000727      0x2b2 ./2-HAL/Stepper_Motor/Stepper_Motor_Program.o
 .debug_info    0x000009d9      0x128 ./2-HAL/SevenSegment/SevenSEG_Program.o
 .debug_info    0x00000b01      0x11c ./2-HAL/Servo_Motor/Servo_Program.o
 .debug_info    0x00000c1d      0x77e ./2-HAL/LCD/LCD_Program.o
 .debug_info    0x0000139b      0x270 ./2-HAL/Keypad/Keypad_Program.o
 .debug_info    0x0000160b      0x43c ./1-MCAL/Timers/Timer_Program.o
 .debug_info    0x00001a47      0x2c5 ./1-MCAL/DIO/DIO_program.o
 .debug_info    0x00001d0c      0x1a8 ./1-MCAL/ADC/ADC_Program.o
 .debug_info    0x00001eb4       0xb1 c:/winavr-20100110/bin/../lib/gcc/avr/4.3.3/avr5\libgcc.a(_fixunssfsi.o)
 .debug_info    0x00001f65      0x47a c:/winavr-20100110/bin/../lib/gcc/avr/4.3.3/avr5\libgcc.a(_addsub_sf.o)
 .debug_info    0x000023df      0x485 c:/winavr-20100110/bin/../lib/gcc/avr/4.3.3/avr5\libgcc.a(_mul_sf.o)
 .debug_info    0x00002864      0x3fc c:/winavr-20100110/bin/../lib/gcc/avr/4.3.3/avr5\libgcc.a(_div_sf.o)
 .debug_info    0x00002c60      0x27f c:/winavr-20100110/bin/../lib/gcc/avr/4.3.3/avr5\libgcc.a(_gt_sf.o)
 .debug_info    0x00002edf      0x27f c:/winavr-20100110/bin/../lib/gcc/avr/4.3.3/avr5\libgcc.a(_ge_sf.o)
 .debug_info    0x0000315e      0x27f c:/winavr-20100110/bin/../lib/gcc/avr/4.3.3/avr5\libgcc.a(_lt_sf.o)
 .debug_info    0x000033dd      0x2b0 c:/winavr-20100110/bin/../lib/gcc/avr/4.3.3/avr5\libgcc.a(_sf_to_si.o)
 .debug_info    0x0000368d      0x12c c:/winavr-20100110/bin/../lib/gcc/avr/4.3.3/avr5\libgcc.a(_thenan_sf.o)
 .debug_info    0x000037b9      0x2df c:/winavr-20100110/bin/../lib/gcc/avr/4.3.3/avr5\libgcc.a(_pack_sf.o)
 .debug_info    0x00003a98      0x251 c:/winavr-20100110/bin/../lib/gcc/avr/4.3.3/avr5\libgcc.a(_unpack_sf.o)
 .debug_info    0x00003ce9      0x210 c:/winavr-20100110/bin/../lib/gcc/avr/4.3.3/avr5\libgcc.a(_fpcmp_parts_sf.o)
 *(.gnu.linkonce.wi.*)

.debug_abbrev   0x00000000     0x1b4a
 *(.debug_abbrev)
 .debug_abbrev  0x00000000      0x13b ./4-APP/main.o
 .debug_abbrev  0x0000013b       0x83 ./2-HAL/Switch/Switcg_Config.o
 .debug_abbrev  0x000001be      0x115 ./2-HAL/Switch/Switch_Program.o
 .debug_abbrev  0x000002d3      0x125 ./2-HAL/Stepper_Motor/Stepper_Motor_Program.o
 .debug_abbrev  0x000003f8       0xbf ./2-HAL/SevenSegment/SevenSEG_Program.o
 .debug_abbrev  0x000004b7       0xaa ./2-HAL/Servo_Motor/Servo_Program.o
 .debug_abbrev  0x00000561      0x14b ./2-HAL/LCD/LCD_Program.o
 .debug_abbrev  0x000006ac      0x143 ./2-HAL/Keypad/Keypad_Program.o
 .debug_abbrev  0x000007ef       0xca ./1-MCAL/Timers/Timer_Program.o
 .debug_abbrev  0x000008b9       0xc1 ./1-MCAL/DIO/DIO_program.o
 .debug_abbrev  0x0000097a       0xcf ./1-MCAL/ADC/ADC_Program.o
 .debug_abbrev  0x00000a49       0x5d c:/winavr-20100110/bin/../lib/gcc/avr/4.3.3/avr5\libgcc.a(_fixunssfsi.o)
 .debug_abbrev  0x00000aa6      0x1ea c:/winavr-20100110/bin/../lib/gcc/avr/4.3.3/avr5\libgcc.a(_addsub_sf.o)
 .debug_abbrev  0x00000c90      0x21b c:/winavr-20100110/bin/../lib/gcc/avr/4.3.3/avr5\libgcc.a(_mul_sf.o)
 .debug_abbrev  0x00000eab      0x216 c:/winavr-20100110/bin/../lib/gcc/avr/4.3.3/avr5\libgcc.a(_div_sf.o)
 .debug_abbrev  0x000010c1      0x15a c:/winavr-20100110/bin/../lib/gcc/avr/4.3.3/avr5\libgcc.a(_gt_sf.o)
 .debug_abbrev  0x0000121b      0x15a c:/winavr-20100110/bin/../lib/gcc/avr/4.3.3/avr5\libgcc.a(_ge_sf.o)
 .debug_abbrev  0x00001375      0x15a c:/winavr-20100110/bin/../lib/gcc/avr/4.3.3/avr5\libgcc.a(_lt_sf.o)
 .debug_abbrev  0x000014cf      0x17f c:/winavr-20100110/bin/../lib/gcc/avr/4.3.3/avr5\libgcc.a(_sf_to_si.o)
 .debug_abbrev  0x0000164e       0xad c:/winavr-20100110/bin/../lib/gcc/avr/4.3.3/avr5\libgcc.a(_thenan_sf.o)
 .debug_abbrev  0x000016fb      0x1c0 c:/winavr-20100110/bin/../lib/gcc/avr/4.3.3/avr5\libgcc.a(_pack_sf.o)
 .debug_abbrev  0x000018bb      0x154 c:/winavr-20100110/bin/../lib/gcc/avr/4.3.3/avr5\libgcc.a(_unpack_sf.o)
 .debug_abbrev  0x00001a0f      0x13b c:/winavr-20100110/bin/../lib/gcc/avr/4.3.3/avr5\libgcc.a(_fpcmp_parts_sf.o)

.debug_line     0x00000000     0x421d
 *(.debug_line)
 .debug_line    0x00000000      0x87f ./4-APP/main.o
 .debug_line    0x0000087f      0x171 ./2-HAL/Switch/Switcg_Config.o
 .debug_line    0x000009f0      0x2d6 ./2-HAL/Switch/Switch_Program.o
 .debug_line    0x00000cc6      0x58e ./2-HAL/Stepper_Motor/Stepper_Motor_Program.o
 .debug_line    0x00001254      0x1fa ./2-HAL/SevenSegment/SevenSEG_Program.o
 .debug_line    0x0000144e      0x2d2 ./2-HAL/Servo_Motor/Servo_Program.o
 .debug_line    0x00001720      0xa66 ./2-HAL/LCD/LCD_Program.o
 .debug_line    0x00002186      0x36f ./2-HAL/Keypad/Keypad_Program.o
 .debug_line    0x000024f5      0x6ab ./1-MCAL/Timers/Timer_Program.o
 .debug_line    0x00002ba0      0x494 ./1-MCAL/DIO/DIO_program.o
 .debug_line    0x00003034      0x267 ./1-MCAL/ADC/ADC_Program.o
 .debug_line    0x0000329b       0xa7 c:/winavr-20100110/bin/../lib/gcc/avr/4.3.3/avr5\libgcc.a(_fixunssfsi.o)
 .debug_line    0x00003342      0x2af c:/winavr-20100110/bin/../lib/gcc/avr/4.3.3/avr5\libgcc.a(_addsub_sf.o)
 .debug_line    0x000035f1      0x239 c:/winavr-20100110/bin/../lib/gcc/avr/4.3.3/avr5\libgcc.a(_mul_sf.o)
 .debug_line    0x0000382a      0x1d5 c:/winavr-20100110/bin/../lib/gcc/avr/4.3.3/avr5\libgcc.a(_div_sf.o)
 .debug_line    0x000039ff       0xd3 c:/winavr-20100110/bin/../lib/gcc/avr/4.3.3/avr5\libgcc.a(_gt_sf.o)
 .debug_line    0x00003ad2       0xd3 c:/winavr-20100110/bin/../lib/gcc/avr/4.3.3/avr5\libgcc.a(_ge_sf.o)
 .debug_line    0x00003ba5       0xd3 c:/winavr-20100110/bin/../lib/gcc/avr/4.3.3/avr5\libgcc.a(_lt_sf.o)
 .debug_line    0x00003c78      0x109 c:/winavr-20100110/bin/../lib/gcc/avr/4.3.3/avr5\libgcc.a(_sf_to_si.o)
 .debug_line    0x00003d81       0x90 c:/winavr-20100110/bin/../lib/gcc/avr/4.3.3/avr5\libgcc.a(_thenan_sf.o)
 .debug_line    0x00003e11      0x18a c:/winavr-20100110/bin/../lib/gcc/avr/4.3.3/avr5\libgcc.a(_pack_sf.o)
 .debug_line    0x00003f9b      0x14b c:/winavr-20100110/bin/../lib/gcc/avr/4.3.3/avr5\libgcc.a(_unpack_sf.o)
 .debug_line    0x000040e6      0x137 c:/winavr-20100110/bin/../lib/gcc/avr/4.3.3/avr5\libgcc.a(_fpcmp_parts_sf.o)

.debug_frame    0x00000000      0x550
 *(.debug_frame)
 .debug_frame   0x00000000       0x60 ./4-APP/main.o
 .debug_frame   0x00000060       0x30 ./2-HAL/Switch/Switch_Program.o
 .debug_frame   0x00000090       0x40 ./2-HAL/Stepper_Motor/Stepper_Motor_Program.o
 .debug_frame   0x000000d0       0x20 ./2-HAL/SevenSegment/SevenSEG_Program.o
 .debug_frame   0x000000f0       0x40 ./2-HAL/Servo_Motor/Servo_Program.o
 .debug_frame   0x00000130       0x90 ./2-HAL/LCD/LCD_Program.o
 .debug_frame   0x000001c0       0x30 ./2-HAL/Keypad/Keypad_Program.o
 .debug_frame   0x000001f0      0x100 ./1-MCAL/Timers/Timer_Program.o
 .debug_frame   0x000002f0       0x90 ./1-MCAL/DIO/DIO_program.o
 .debug_frame   0x00000380       0x50 ./1-MCAL/ADC/ADC_Program.o
 .debug_frame   0x000003d0       0x20 c:/winavr-20100110/bin/../lib/gcc/avr/4.3.3/avr5\libgcc.a(_fixunssfsi.o)
 .debug_frame   0x000003f0       0x40 c:/winavr-20100110/bin/../lib/gcc/avr/4.3.3/avr5\libgcc.a(_addsub_sf.o)
 .debug_frame   0x00000430       0x20 c:/winavr-20100110/bin/../lib/gcc/avr/4.3.3/avr5\libgcc.a(_mul_sf.o)
 .debug_frame   0x00000450       0x20 c:/winavr-20100110/bin/../lib/gcc/avr/4.3.3/avr5\libgcc.a(_div_sf.o)
 .debug_frame   0x00000470       0x20 c:/winavr-20100110/bin/../lib/gcc/avr/4.3.3/avr5\libgcc.a(_gt_sf.o)
 .debug_frame   0x00000490       0x20 c:/winavr-20100110/bin/../lib/gcc/avr/4.3.3/avr5\libgcc.a(_ge_sf.o)
 .debug_frame   0x000004b0       0x20 c:/winavr-20100110/bin/../lib/gcc/avr/4.3.3/avr5\libgcc.a(_lt_sf.o)
 .debug_frame   0x000004d0       0x20 c:/winavr-20100110/bin/../lib/gcc/avr/4.3.3/avr5\libgcc.a(_sf_to_si.o)
 .debug_frame   0x000004f0       0x20 c:/winavr-20100110/bin/../lib/gcc/avr/4.3.3/avr5\libgcc.a(_pack_sf.o)
 .debug_frame   0x00000510       0x20 c:/winavr-20100110/bin/../lib/gcc/avr/4.3.3/avr5\libgcc.a(_unpack_sf.o)
 .debug_frame   0x00000530       0x20 c:/winavr-20100110/bin/../lib/gcc/avr/4.3.3/avr5\libgcc.a(_fpcmp_parts_sf.o)

.debug_str      0x00000000      0xdac
 *(.debug_str)
 .debug_str     0x00000000      0x177 ./4-APP/main.o
                                0x1c0 (size before relaxing)
 .debug_str     0x00000177       0x4e ./2-HAL/Switch/Switcg_Config.o
                                 0xf8 (size before relaxing)
 .debug_str     0x000001c5       0x77 ./2-HAL/Switch/Switch_Program.o
                                0x1b4 (size before relaxing)
 .debug_str     0x0000023c       0xcf ./2-HAL/Stepper_Motor/Stepper_Motor_Program.o
                                0x202 (size before relaxing)
 .debug_str     0x0000030b       0x86 ./2-HAL/SevenSegment/SevenSEG_Program.o
                                0x15f (size before relaxing)
 .debug_str     0x00000391       0x7a ./2-HAL/Servo_Motor/Servo_Program.o
                                0x153 (size before relaxing)
 .debug_str     0x0000040b      0x18b ./2-HAL/LCD/LCD_Program.o
                                0x2d2 (size before relaxing)
 .debug_str     0x00000596       0xdf ./2-HAL/Keypad/Keypad_Program.o
                                0x238 (size before relaxing)
 .debug_str     0x00000675      0x25d ./1-MCAL/Timers/Timer_Program.o
                                0x344 (size before relaxing)
 .debug_str     0x000008d2      0x16b ./1-MCAL/DIO/DIO_program.o
                                0x244 (size before relaxing)
 .debug_str     0x00000a3d       0xf6 ./1-MCAL/ADC/ADC_Program.o
                                0x1cf (size before relaxing)
 .debug_str     0x00000b33       0x80 c:/winavr-20100110/bin/../lib/gcc/avr/4.3.3/avr5\libgcc.a(_fixunssfsi.o)
                                 0xfe (size before relaxing)
 .debug_str     0x00000bb3      0x143 c:/winavr-20100110/bin/../lib/gcc/avr/4.3.3/avr5\libgcc.a(_addsub_sf.o)
                                0x206 (size before relaxing)
 .debug_str     0x00000cf6       0x27 c:/winavr-20100110/bin/../lib/gcc/avr/4.3.3/avr5\libgcc.a(_mul_sf.o)
                                0x1bf (size before relaxing)
 .debug_str     0x00000d1d       0x35 c:/winavr-20100110/bin/../lib/gcc/avr/4.3.3/avr5\libgcc.a(_div_sf.o)
                                0x1c8 (size before relaxing)
 .debug_str     0x00000d52        0xf c:/winavr-20100110/bin/../lib/gcc/avr/4.3.3/avr5\libgcc.a(_gt_sf.o)
                                0x195 (size before relaxing)
 .debug_str     0x00000d61        0x8 c:/winavr-20100110/bin/../lib/gcc/avr/4.3.3/avr5\libgcc.a(_ge_sf.o)
                                0x195 (size before relaxing)
 .debug_str     0x00000d69        0x8 c:/winavr-20100110/bin/../lib/gcc/avr/4.3.3/avr5\libgcc.a(_lt_sf.o)
                                0x195 (size before relaxing)
 .debug_str     0x00000d71        0xa c:/winavr-20100110/bin/../lib/gcc/avr/4.3.3/avr5\libgcc.a(_sf_to_si.o)
                                0x19e (size before relaxing)
 .debug_str     0x00000000      0x103 c:/winavr-20100110/bin/../lib/gcc/avr/4.3.3/avr5\libgcc.a(_thenan_sf.o)
 .debug_str     0x00000d7b       0x16 c:/winavr-20100110/bin/../lib/gcc/avr/4.3.3/avr5\libgcc.a(_pack_sf.o)
                                0x19d (size before relaxing)
 .debug_str     0x00000d91        0xb c:/winavr-20100110/bin/../lib/gcc/avr/4.3.3/avr5\libgcc.a(_unpack_sf.o)
                                0x17f (size before relaxing)
 .debug_str     0x00000d9c       0x10 c:/winavr-20100110/bin/../lib/gcc/avr/4.3.3/avr5\libgcc.a(_fpcmp_parts_sf.o)
                                0x163 (size before relaxing)

.debug_loc      0x00000000      0x88e
 *(.debug_loc)
 .debug_loc     0x00000000       0x34 c:/winavr-20100110/bin/../lib/gcc/avr/4.3.3/avr5\libgcc.a(_fixunssfsi.o)
 .debug_loc     0x00000034      0x32a c:/winavr-20100110/bin/../lib/gcc/avr/4.3.3/avr5\libgcc.a(_addsub_sf.o)
 .debug_loc     0x0000035e      0x104 c:/winavr-20100110/bin/../lib/gcc/avr/4.3.3/avr5\libgcc.a(_mul_sf.o)
 .debug_loc     0x00000462       0xc0 c:/winavr-20100110/bin/../lib/gcc/avr/4.3.3/avr5\libgcc.a(_div_sf.o)
 .debug_loc     0x00000522       0x3c c:/winavr-20100110/bin/../lib/gcc/avr/4.3.3/avr5\libgcc.a(_gt_sf.o)
 .debug_loc     0x0000055e       0x3c c:/winavr-20100110/bin/../lib/gcc/avr/4.3.3/avr5\libgcc.a(_ge_sf.o)
 .debug_loc     0x0000059a       0x3c c:/winavr-20100110/bin/../lib/gcc/avr/4.3.3/avr5\libgcc.a(_lt_sf.o)
 .debug_loc     0x000005d6       0x7e c:/winavr-20100110/bin/../lib/gcc/avr/4.3.3/avr5\libgcc.a(_sf_to_si.o)
 .debug_loc     0x00000654      0x13e c:/winavr-20100110/bin/../lib/gcc/avr/4.3.3/avr5\libgcc.a(_pack_sf.o)
 .debug_loc     0x00000792       0xac c:/winavr-20100110/bin/../lib/gcc/avr/4.3.3/avr5\libgcc.a(_unpack_sf.o)
 .debug_loc     0x0000083e       0x50 c:/winavr-20100110/bin/../lib/gcc/avr/4.3.3/avr5\libgcc.a(_fpcmp_parts_sf.o)

.debug_macinfo  0x00000000    0x100e4
 *(.debug_macinfo)
 .debug_macinfo
                0x00000000     0x1c51 ./4-APP/main.o
 .debug_macinfo
                0x00001c51      0xdc1 ./2-HAL/Switch/Switcg_Config.o
 .debug_macinfo
                0x00002a12     0x1bd9 ./2-HAL/Switch/Switch_Program.o
 .debug_macinfo
                0x000045eb     0x1c95 ./2-HAL/Stepper_Motor/Stepper_Motor_Program.o
 .debug_macinfo
                0x00006280      0xeb2 ./2-HAL/SevenSegment/SevenSEG_Program.o
 .debug_macinfo
                0x00007132      0xf0a ./2-HAL/Servo_Motor/Servo_Program.o
 .debug_macinfo
                0x0000803c     0x1eb1 ./2-HAL/LCD/LCD_Program.o
 .debug_macinfo
                0x00009eed     0x1dda ./2-HAL/Keypad/Keypad_Program.o
 .debug_macinfo
                0x0000bcc7     0x142f ./1-MCAL/Timers/Timer_Program.o
 .debug_macinfo
                0x0000d0f6     0x1d80 ./1-MCAL/DIO/DIO_program.o
 .debug_macinfo
                0x0000ee76     0x126e ./1-MCAL/ADC/ADC_Program.o
OUTPUT(Automated_Door_Project.elf elf32-avr)
LOAD linker stubs

.debug_ranges   0x00000000      0x288
 .debug_ranges  0x00000000       0x38 ./4-APP/main.o
 .debug_ranges  0x00000038       0x20 ./2-HAL/Switch/Switch_Program.o
 .debug_ranges  0x00000058       0x28 ./2-HAL/Stepper_Motor/Stepper_Motor_Program.o
 .debug_ranges  0x00000080       0x18 ./2-HAL/SevenSegment/SevenSEG_Program.o
 .debug_ranges  0x00000098       0x28 ./2-HAL/Servo_Motor/Servo_Program.o
 .debug_ranges  0x000000c0       0x50 ./2-HAL/LCD/LCD_Program.o
 .debug_ranges  0x00000110       0x20 ./2-HAL/Keypad/Keypad_Program.o
 .debug_ranges  0x00000130       0x88 ./1-MCAL/Timers/Timer_Program.o
 .debug_ranges  0x000001b8       0x50 ./1-MCAL/DIO/DIO_program.o
 .debug_ranges  0x00000208       0x30 ./1-MCAL/ADC/ADC_Program.o
 .debug_ranges  0x00000238       0x50 c:/winavr-20100110/bin/../lib/gcc/avr/4.3.3/avr5\libgcc.a(_mul_sf.o)
