Archive member included because of file (symbol)

c:/winavr-20100110/bin/../lib/gcc/avr/4.3.3/avr5\libgcc.a(_mulsi3.o)
                              ./2-HAL/Servo_Motor/Servo_Program.o (__mulsi3)
c:/winavr-20100110/bin/../lib/gcc/avr/4.3.3/avr5\libgcc.a(_udivmodhi4.o)
                              ./2-HAL/Stepper_Motor/Stepper_Motor_Program.o (__udivmodhi4)
c:/winavr-20100110/bin/../lib/gcc/avr/4.3.3/avr5\libgcc.a(_udivmodsi4.o)
                              ./2-HAL/Servo_Motor/Servo_Program.o (__udivmodsi4)
c:/winavr-20100110/bin/../lib/gcc/avr/4.3.3/avr5\libgcc.a(_divmodsi4.o)
                              ./1-MCAL/UART/UART_Program.o (__divmodsi4)
c:/winavr-20100110/bin/../lib/gcc/avr/4.3.3/avr5\libgcc.a(_exit.o)
                              c:/winavr-20100110/bin/../lib/gcc/avr/4.3.3/../../../../avr/lib/avr5/crtm32.o (exit)
c:/winavr-20100110/bin/../lib/gcc/avr/4.3.3/avr5\libgcc.a(_copy_data.o)
                              ./4-APP/APP.o (__do_copy_data)
c:/winavr-20100110/bin/../lib/gcc/avr/4.3.3/avr5\libgcc.a(_clear_bss.o)
                              ./4-APP/APP.o (__do_clear_bss)
c:/winavr-20100110/bin/../lib/gcc/avr/4.3.3/avr5\libgcc.a(_fixunssfsi.o)
                              ./2-HAL/Switch/Switch_Program.o (__fixunssfsi)
c:/winavr-20100110/bin/../lib/gcc/avr/4.3.3/avr5\libgcc.a(_addsub_sf.o)
                              c:/winavr-20100110/bin/../lib/gcc/avr/4.3.3/avr5\libgcc.a(_fixunssfsi.o) (__subsf3)
c:/winavr-20100110/bin/../lib/gcc/avr/4.3.3/avr5\libgcc.a(_mul_sf.o)
                              ./2-HAL/Switch/Switch_Program.o (__mulsf3)
c:/winavr-20100110/bin/../lib/gcc/avr/4.3.3/avr5\libgcc.a(_div_sf.o)
                              ./2-HAL/LCD/LCD_Program.o (__divsf3)
c:/winavr-20100110/bin/../lib/gcc/avr/4.3.3/avr5\libgcc.a(_gt_sf.o)
                              ./2-HAL/Switch/Switch_Program.o (__gtsf2)
c:/winavr-20100110/bin/../lib/gcc/avr/4.3.3/avr5\libgcc.a(_ge_sf.o)
                              c:/winavr-20100110/bin/../lib/gcc/avr/4.3.3/avr5\libgcc.a(_fixunssfsi.o) (__gesf2)
c:/winavr-20100110/bin/../lib/gcc/avr/4.3.3/avr5\libgcc.a(_lt_sf.o)
                              ./2-HAL/Switch/Switch_Program.o (__ltsf2)
c:/winavr-20100110/bin/../lib/gcc/avr/4.3.3/avr5\libgcc.a(_sf_to_si.o)
                              c:/winavr-20100110/bin/../lib/gcc/avr/4.3.3/avr5\libgcc.a(_fixunssfsi.o) (__fixsfsi)
c:/winavr-20100110/bin/../lib/gcc/avr/4.3.3/avr5\libgcc.a(_thenan_sf.o)
                              c:/winavr-20100110/bin/../lib/gcc/avr/4.3.3/avr5\libgcc.a(_addsub_sf.o) (__thenan_sf)
c:/winavr-20100110/bin/../lib/gcc/avr/4.3.3/avr5\libgcc.a(_prologue.o)
                              c:/winavr-20100110/bin/../lib/gcc/avr/4.3.3/avr5\libgcc.a(_addsub_sf.o) (__prologue_saves__)
c:/winavr-20100110/bin/../lib/gcc/avr/4.3.3/avr5\libgcc.a(_epilogue.o)
                              c:/winavr-20100110/bin/../lib/gcc/avr/4.3.3/avr5\libgcc.a(_addsub_sf.o) (__epilogue_restores__)
c:/winavr-20100110/bin/../lib/gcc/avr/4.3.3/avr5\libgcc.a(_pack_sf.o)
                              c:/winavr-20100110/bin/../lib/gcc/avr/4.3.3/avr5\libgcc.a(_addsub_sf.o) (__pack_f)
c:/winavr-20100110/bin/../lib/gcc/avr/4.3.3/avr5\libgcc.a(_unpack_sf.o)
                              c:/winavr-20100110/bin/../lib/gcc/avr/4.3.3/avr5\libgcc.a(_addsub_sf.o) (__unpack_f)
c:/winavr-20100110/bin/../lib/gcc/avr/4.3.3/avr5\libgcc.a(_fpcmp_parts_sf.o)
                              c:/winavr-20100110/bin/../lib/gcc/avr/4.3.3/avr5\libgcc.a(_gt_sf.o) (__fpcmp_parts_f)

Allocating common symbols
Common symbol       size              file

pass                0x5               ./4-APP/APP.o

Memory Configuration

Name             Origin             Length             Attributes
text             0x00000000         0x00020000         xr
data             0x00800060         0x0000ffa0         rw !x
eeprom           0x00810000         0x00010000         rw !x
fuse             0x00820000         0x00000400         rw !x
lock             0x00830000         0x00000400         rw !x
signature        0x00840000         0x00000400         rw !x
*default*        0x00000000         0xffffffff

Linker script and memory map

LOAD c:/winavr-20100110/bin/../lib/gcc/avr/4.3.3/../../../../avr/lib/avr5/crtm32.o
LOAD ./4-APP/APP.o
LOAD ./4-APP/main.o
LOAD ./2-HAL/Switch/Switcg_Config.o
LOAD ./2-HAL/Switch/Switch_Program.o
LOAD ./2-HAL/Stepper_Motor/Stepper_Motor_Program.o
LOAD ./2-HAL/SevenSegment/SevenSEG_Program.o
LOAD ./2-HAL/Servo_Motor/Servo_Program.o
LOAD ./2-HAL/LCD/LCD_Program.o
LOAD ./2-HAL/Keypad/Keypad_Program.o
LOAD ./2-HAL/EEPROM/EEPROM_Program.o
LOAD ./2-HAL/DC_Motor/DC_Motor_Program.o
LOAD ./1-MCAL/WDT/WDT_Program.o
LOAD ./1-MCAL/UART/UART_Program.o
LOAD ./1-MCAL/Timers/Timer_Program.o
LOAD ./1-MCAL/SPI/SPI_Program.o
LOAD ./1-MCAL/I2C/I2C_Program.o
LOAD ./1-MCAL/GI/GI_Program.o
LOAD ./1-MCAL/EXTI/EXTI_Program.o
LOAD ./1-MCAL/DIO/DIO_program.o
LOAD ./1-MCAL/ADC/ADC_Program.o
LOAD c:/winavr-20100110/bin/../lib/gcc/avr/4.3.3/avr5\libgcc.a
LOAD c:/winavr-20100110/bin/../lib/gcc/avr/4.3.3/../../../../avr/lib/avr5\libc.a
LOAD c:/winavr-20100110/bin/../lib/gcc/avr/4.3.3/avr5\libgcc.a

.hash
 *(.hash)

.dynsym
 *(.dynsym)

.dynstr
 *(.dynstr)

.gnu.version
 *(.gnu.version)

.gnu.version_d
 *(.gnu.version_d)

.gnu.version_r
 *(.gnu.version_r)

.rel.init
 *(.rel.init)

.rela.init
 *(.rela.init)

.rel.text
 *(.rel.text)
 *(.rel.text.*)
 *(.rel.gnu.linkonce.t*)

.rela.text
 *(.rela.text)
 *(.rela.text.*)
 *(.rela.gnu.linkonce.t*)

.rel.fini
 *(.rel.fini)

.rela.fini
 *(.rela.fini)

.rel.rodata
 *(.rel.rodata)
 *(.rel.rodata.*)
 *(.rel.gnu.linkonce.r*)

.rela.rodata
 *(.rela.rodata)
 *(.rela.rodata.*)
 *(.rela.gnu.linkonce.r*)

.rel.data
 *(.rel.data)
 *(.rel.data.*)
 *(.rel.gnu.linkonce.d*)

.rela.data
 *(.rela.data)
 *(.rela.data.*)
 *(.rela.gnu.linkonce.d*)

.rel.ctors
 *(.rel.ctors)

.rela.ctors
 *(.rela.ctors)

.rel.dtors
 *(.rel.dtors)

.rela.dtors
 *(.rela.dtors)

.rel.got
 *(.rel.got)

.rela.got
 *(.rela.got)

.rel.bss
 *(.rel.bss)

.rela.bss
 *(.rela.bss)

.rel.plt
 *(.rel.plt)

.rela.plt
 *(.rela.plt)

.text           0x00000000     0x5de0
 *(.vectors)
 .vectors       0x00000000       0x54 c:/winavr-20100110/bin/../lib/gcc/avr/4.3.3/../../../../avr/lib/avr5/crtm32.o
                0x00000000                __vectors
                0x00000000                __vector_default
 *(.vectors)
 *(.progmem.gcc*)
 *(.progmem*)
                0x00000054                . = ALIGN (0x2)
                0x00000054                __trampolines_start = .
 *(.trampolines)
 .trampolines   0x00000054        0x0 linker stubs
 *(.trampolines*)
                0x00000054                __trampolines_end = .
 *(.jumptables)
 *(.jumptables*)
 *(.lowtext)
 *(.lowtext*)
                0x00000054                __ctors_start = .
 *(.ctors)
                0x00000054                __ctors_end = .
                0x00000054                __dtors_start = .
 *(.dtors)
                0x00000054                __dtors_end = .
 SORT(*)(.ctors)
 SORT(*)(.dtors)
 *(.init0)
 .init0         0x00000054        0x0 c:/winavr-20100110/bin/../lib/gcc/avr/4.3.3/../../../../avr/lib/avr5/crtm32.o
                0x00000054                __init
 *(.init0)
 *(.init1)
 *(.init1)
 *(.init2)
 .init2         0x00000054        0xc c:/winavr-20100110/bin/../lib/gcc/avr/4.3.3/../../../../avr/lib/avr5/crtm32.o
 *(.init2)
 *(.init3)
 *(.init3)
 *(.init4)
 .init4         0x00000060       0x16 c:/winavr-20100110/bin/../lib/gcc/avr/4.3.3/avr5\libgcc.a(_copy_data.o)
                0x00000060                __do_copy_data
 .init4         0x00000076       0x10 c:/winavr-20100110/bin/../lib/gcc/avr/4.3.3/avr5\libgcc.a(_clear_bss.o)
                0x00000076                __do_clear_bss
 *(.init4)
 *(.init5)
 *(.init5)
 *(.init6)
 *(.init6)
 *(.init7)
 *(.init7)
 *(.init8)
 *(.init8)
 *(.init9)
 .init9         0x00000086        0x8 c:/winavr-20100110/bin/../lib/gcc/avr/4.3.3/../../../../avr/lib/avr5/crtm32.o
 *(.init9)
 *(.text)
 .text          0x0000008e        0x4 c:/winavr-20100110/bin/../lib/gcc/avr/4.3.3/../../../../avr/lib/avr5/crtm32.o
                0x0000008e                __vector_12
                0x0000008e                __bad_interrupt
                0x0000008e                __vector_17
                0x0000008e                __vector_19
                0x0000008e                __vector_14
                0x0000008e                __vector_18
                0x0000008e                __vector_20
 .text          0x00000092        0x0 ./4-APP/APP.o
 .text          0x00000092        0x0 ./4-APP/main.o
 .text          0x00000092        0x0 ./2-HAL/Switch/Switcg_Config.o
 .text          0x00000092        0x0 ./2-HAL/Switch/Switch_Program.o
 .text          0x00000092        0x0 ./2-HAL/Stepper_Motor/Stepper_Motor_Program.o
 .text          0x00000092        0x0 ./2-HAL/SevenSegment/SevenSEG_Program.o
 .text          0x00000092        0x0 ./2-HAL/Servo_Motor/Servo_Program.o
 .text          0x00000092        0x0 ./2-HAL/LCD/LCD_Program.o
 .text          0x00000092        0x0 ./2-HAL/Keypad/Keypad_Program.o
 .text          0x00000092        0x0 ./2-HAL/EEPROM/EEPROM_Program.o
 .text          0x00000092        0x0 ./2-HAL/DC_Motor/DC_Motor_Program.o
 .text          0x00000092        0x0 ./1-MCAL/WDT/WDT_Program.o
 .text          0x00000092        0x0 ./1-MCAL/UART/UART_Program.o
 .text          0x00000092        0x0 ./1-MCAL/Timers/Timer_Program.o
 .text          0x00000092        0x0 ./1-MCAL/SPI/SPI_Program.o
 .text          0x00000092        0x0 ./1-MCAL/I2C/I2C_Program.o
 .text          0x00000092        0x0 ./1-MCAL/GI/GI_Program.o
 .text          0x00000092        0x0 ./1-MCAL/EXTI/EXTI_Program.o
 .text          0x00000092        0x0 ./1-MCAL/DIO/DIO_program.o
 .text          0x00000092        0x0 ./1-MCAL/ADC/ADC_Program.o
 .text          0x00000092        0x0 c:/winavr-20100110/bin/../lib/gcc/avr/4.3.3/avr5\libgcc.a(_mulsi3.o)
 .text          0x00000092        0x0 c:/winavr-20100110/bin/../lib/gcc/avr/4.3.3/avr5\libgcc.a(_udivmodhi4.o)
 .text          0x00000092        0x0 c:/winavr-20100110/bin/../lib/gcc/avr/4.3.3/avr5\libgcc.a(_udivmodsi4.o)
 .text          0x00000092        0x0 c:/winavr-20100110/bin/../lib/gcc/avr/4.3.3/avr5\libgcc.a(_divmodsi4.o)
 .text          0x00000092        0x0 c:/winavr-20100110/bin/../lib/gcc/avr/4.3.3/avr5\libgcc.a(_exit.o)
 .text          0x00000092        0x0 c:/winavr-20100110/bin/../lib/gcc/avr/4.3.3/avr5\libgcc.a(_copy_data.o)
 .text          0x00000092        0x0 c:/winavr-20100110/bin/../lib/gcc/avr/4.3.3/avr5\libgcc.a(_clear_bss.o)
 .text          0x00000092       0x58 c:/winavr-20100110/bin/../lib/gcc/avr/4.3.3/avr5\libgcc.a(_fixunssfsi.o)
                0x00000092                __fixunssfsi
 .text          0x000000ea      0x354 c:/winavr-20100110/bin/../lib/gcc/avr/4.3.3/avr5\libgcc.a(_addsub_sf.o)
                0x00000382                __subsf3
                0x000003e4                __addsf3
 .text          0x0000043e      0x1f4 c:/winavr-20100110/bin/../lib/gcc/avr/4.3.3/avr5\libgcc.a(_mul_sf.o)
                0x0000043e                __mulsf3
 .text          0x00000632      0x158 c:/winavr-20100110/bin/../lib/gcc/avr/4.3.3/avr5\libgcc.a(_div_sf.o)
                0x00000632                __divsf3
 .text          0x0000078a       0x60 c:/winavr-20100110/bin/../lib/gcc/avr/4.3.3/avr5\libgcc.a(_gt_sf.o)
                0x0000078a                __gtsf2
 .text          0x000007ea       0x60 c:/winavr-20100110/bin/../lib/gcc/avr/4.3.3/avr5\libgcc.a(_ge_sf.o)
                0x000007ea                __gesf2
 .text          0x0000084a       0x60 c:/winavr-20100110/bin/../lib/gcc/avr/4.3.3/avr5\libgcc.a(_lt_sf.o)
                0x0000084a                __ltsf2
 .text          0x000008aa       0xa8 c:/winavr-20100110/bin/../lib/gcc/avr/4.3.3/avr5\libgcc.a(_sf_to_si.o)
                0x000008aa                __fixsfsi
 .text          0x00000952        0x0 c:/winavr-20100110/bin/../lib/gcc/avr/4.3.3/avr5\libgcc.a(_thenan_sf.o)
 .text          0x00000952        0x0 c:/winavr-20100110/bin/../lib/gcc/avr/4.3.3/avr5\libgcc.a(_prologue.o)
 .text          0x00000952        0x0 c:/winavr-20100110/bin/../lib/gcc/avr/4.3.3/avr5\libgcc.a(_epilogue.o)
 .text          0x00000952      0x1aa c:/winavr-20100110/bin/../lib/gcc/avr/4.3.3/avr5\libgcc.a(_pack_sf.o)
                0x00000952                __pack_f
 .text          0x00000afc       0xf0 c:/winavr-20100110/bin/../lib/gcc/avr/4.3.3/avr5\libgcc.a(_unpack_sf.o)
                0x00000afc                __unpack_f
 .text          0x00000bec       0xb2 c:/winavr-20100110/bin/../lib/gcc/avr/4.3.3/avr5\libgcc.a(_fpcmp_parts_sf.o)
                0x00000bec                __fpcmp_parts_f
                0x00000c9e                . = ALIGN (0x2)
 *(.text.*)
 .text.APP_Init
                0x00000c9e       0x60 ./4-APP/APP.o
                0x00000c9e                APP_Init
 .text.displayOptionsPage
                0x00000cfe       0x2a ./4-APP/APP.o
                0x00000cfe                displayOptionsPage
 .text.takeUserOption
                0x00000d28       0x48 ./4-APP/APP.o
                0x00000d28                takeUserOption
 .text.displayRotationOptions
                0x00000d70       0x2a ./4-APP/APP.o
                0x00000d70                displayRotationOptions
 .text.getPassword
                0x00000d9a      0x12e ./4-APP/APP.o
                0x00000d9a                getPassword
 .text.DCMotor  0x00000ec8       0x56 ./4-APP/APP.o
                0x00000ec8                DCMotor
 .text.servoMotor
                0x00000f1e       0x92 ./4-APP/APP.o
                0x00000f1e                servoMotor
 .text.stepperMotor
                0x00000fb0       0xe0 ./4-APP/APP.o
                0x00000fb0                stepperMotor
 .text.stopMotors
                0x00001090       0x34 ./4-APP/APP.o
                0x00001090                stopMotors
 .text.main     0x000010c4       0x48 ./4-APP/main.o
                0x000010c4                main
 .text.SW_enu_Init
                0x0000110c       0xd0 ./2-HAL/Switch/Switch_Program.o
                0x0000110c                SW_enu_Init
 .text.SW_enu_getValue
                0x000011dc      0x142 ./2-HAL/Switch/Switch_Program.o
                0x000011dc                SW_enu_getValue
 .text.STEP_Motor_enu_Init
                0x0000131e       0x60 ./2-HAL/Stepper_Motor/Stepper_Motor_Program.o
                0x0000131e                STEP_Motor_enu_Init
 .text.STEP_Motor_enu_Rotate
                0x0000137e      0x38c ./2-HAL/Stepper_Motor/Stepper_Motor_Program.o
                0x0000137e                STEP_Motor_enu_Rotate
 .text.STEP_Motor_enu_Stop
                0x0000170a      0x134 ./2-HAL/Stepper_Motor/Stepper_Motor_Program.o
                0x0000170a                STEP_Motor_enu_Stop
 .text.sevenSeg_enu_displayNum
                0x0000183e       0x98 ./2-HAL/SevenSegment/SevenSEG_Program.o
                0x0000183e                sevenSeg_enu_displayNum
 .text.Servo_enu_Init
                0x000018d6       0x6e ./2-HAL/Servo_Motor/Servo_Program.o
                0x000018d6                Servo_enu_Init
 .text.Servo_enu_SetAngle
                0x00001944       0xc6 ./2-HAL/Servo_Motor/Servo_Program.o
                0x00001944                Servo_enu_SetAngle
 .text.Servos_enu_Stop
                0x00001a0a       0x16 ./2-HAL/Servo_Motor/Servo_Program.o
                0x00001a0a                Servos_enu_Stop
 .text.LCD_enu_SendCmnd
                0x00001a20      0x400 ./2-HAL/LCD/LCD_Program.o
                0x00001a20                LCD_enu_SendCmnd
 .text.LCD_enu_SendChar
                0x00001e20      0x400 ./2-HAL/LCD/LCD_Program.o
                0x00001e20                LCD_enu_SendChar
 .text.LCD_enu_SendString
                0x00002220       0x66 ./2-HAL/LCD/LCD_Program.o
                0x00002220                LCD_enu_SendString
 .text.LCD_enu_SendNum
                0x00002286       0xee ./2-HAL/LCD/LCD_Program.o
                0x00002286                LCD_enu_SendNum
 .text.LCD_enu_SetCursor
                0x00002374       0x66 ./2-HAL/LCD/LCD_Program.o
                0x00002374                LCD_enu_SetCursor
 .text.LCD_enu_Init
                0x000023da      0x5da ./2-HAL/LCD/LCD_Program.o
                0x000023da                LCD_enu_Init
 .text.LCD_enu_Clear
                0x000029b4      0x112 ./2-HAL/LCD/LCD_Program.o
                0x000029b4                LCD_enu_Clear
 .text.LCD_enu_sendCustomChar
                0x00002ac6       0xa0 ./2-HAL/LCD/LCD_Program.o
                0x00002ac6                LCD_enu_sendCustomChar
 .text.Keypad_enu_Init
                0x00002b66       0x84 ./2-HAL/Keypad/Keypad_Program.o
                0x00002b66                Keypad_enu_Init
 .text.Keypad_enu_getKey
                0x00002bea      0x220 ./2-HAL/Keypad/Keypad_Program.o
                0x00002bea                Keypad_enu_getKey
 .text.EEPROM_enu_Write
                0x00002e0a      0x136 ./2-HAL/EEPROM/EEPROM_Program.o
                0x00002e0a                EEPROM_enu_Write
 .text.EEPROM_enu_Read
                0x00002f40       0x6a ./2-HAL/EEPROM/EEPROM_Program.o
                0x00002f40                EEPROM_enu_Read
 .text.DC_Motor_enu_Init
                0x00002faa       0x86 ./2-HAL/DC_Motor/DC_Motor_Program.o
                0x00002faa                DC_Motor_enu_Init
 .text.DC_Motor_enu_Rotate
                0x00003030      0x110 ./2-HAL/DC_Motor/DC_Motor_Program.o
                0x00003030                DC_Motor_enu_Rotate
 .text.DC_Motor_enu_Stop
                0x00003140       0x42 ./2-HAL/DC_Motor/DC_Motor_Program.o
                0x00003140                DC_Motor_enu_Stop
 .text.WDT_enu_Enable
                0x00003182       0x44 ./1-MCAL/WDT/WDT_Program.o
                0x00003182                WDT_enu_Enable
 .text.WDT_enu_Disable
                0x000031c6       0x24 ./1-MCAL/WDT/WDT_Program.o
                0x000031c6                WDT_enu_Disable
 .text.UART_enu_Init
                0x000031ea       0xa4 ./1-MCAL/UART/UART_Program.o
                0x000031ea                UART_enu_Init
 .text.UART_enu_sendChar
                0x0000328e       0x36 ./1-MCAL/UART/UART_Program.o
                0x0000328e                UART_enu_sendChar
 .text.UART_enu_recieveChar
                0x000032c4       0x44 ./1-MCAL/UART/UART_Program.o
                0x000032c4                UART_enu_recieveChar
 .text.UART_enu_sendString
                0x00003308       0xa0 ./1-MCAL/UART/UART_Program.o
                0x00003308                UART_enu_sendString
 .text.UART_enu_recieveString
                0x000033a8       0x7c ./1-MCAL/UART/UART_Program.o
                0x000033a8                UART_enu_recieveString
 .text.UART_enu_sendNUmber
                0x00003424      0x14a ./1-MCAL/UART/UART_Program.o
                0x00003424                UART_enu_sendNUmber
 .text.__vector_13
                0x0000356e       0x66 ./1-MCAL/UART/UART_Program.o
                0x0000356e                __vector_13
 .text.__vector_15
                0x000035d4       0x66 ./1-MCAL/UART/UART_Program.o
                0x000035d4                __vector_15
 .text.Timers_enu_Init
                0x0000363a      0x5d0 ./1-MCAL/Timers/Timer_Program.o
                0x0000363a                Timers_enu_Init
 .text.Timers_enu_SetCallBack
                0x00003c0a      0x1ac ./1-MCAL/Timers/Timer_Program.o
                0x00003c0a                Timers_enu_SetCallBack
 .text.Timers_enu_SetCLKSource
                0x00003db6       0xc6 ./1-MCAL/Timers/Timer_Program.o
                0x00003db6                Timers_enu_SetCLKSource
 .text.Timers_enu_delay_ms
                0x00003e7c      0x14a ./1-MCAL/Timers/Timer_Program.o
                0x00003e7c                Timers_enu_delay_ms
 .text.Timers_enu_SetTimerValue
                0x00003fc6       0x7c ./1-MCAL/Timers/Timer_Program.o
                0x00003fc6                Timers_enu_SetTimerValue
 .text.Timers_enu_GetTimerValue
                0x00004042       0x94 ./1-MCAL/Timers/Timer_Program.o
                0x00004042                Timers_enu_GetTimerValue
 .text.Timers_enu_TimerSetCompareValue
                0x000040d6       0x5c ./1-MCAL/Timers/Timer_Program.o
                0x000040d6                Timers_enu_TimerSetCompareValue
 .text.Timers_enu_Timer1_setTopValue
                0x00004132       0x26 ./1-MCAL/Timers/Timer_Program.o
                0x00004132                Timers_enu_Timer1_setTopValue
 .text.Timers_enu_Timer1SetCompareValue
                0x00004158       0x6e ./1-MCAL/Timers/Timer_Program.o
                0x00004158                Timers_enu_Timer1SetCompareValue
 .text.Timers_enu_Stop
                0x000041c6       0xc6 ./1-MCAL/Timers/Timer_Program.o
                0x000041c6                Timers_enu_Stop
 .text.Timers_enu_ICUReadValue
                0x0000428c       0x3e ./1-MCAL/Timers/Timer_Program.o
                0x0000428c                Timers_enu_ICUReadValue
 .text.Timers_enu_ICUSetTriggerEdge
                0x000042ca       0x60 ./1-MCAL/Timers/Timer_Program.o
                0x000042ca                Timers_enu_ICUSetTriggerEdge
 .text.Timers_enu_ICUSetCallBack
                0x0000432a       0x3a ./1-MCAL/Timers/Timer_Program.o
                0x0000432a                Timers_enu_ICUSetCallBack
 .text.Timers_enu_ICUInterruptEnabled
                0x00004364       0x1e ./1-MCAL/Timers/Timer_Program.o
                0x00004364                Timers_enu_ICUInterruptEnabled
 .text.Timers_enu_ICUInterruptDisabled
                0x00004382       0x1e ./1-MCAL/Timers/Timer_Program.o
                0x00004382                Timers_enu_ICUInterruptDisabled
 .text.__vector_4
                0x000043a0       0x66 ./1-MCAL/Timers/Timer_Program.o
                0x000043a0                __vector_4
 .text.__vector_5
                0x00004406       0x66 ./1-MCAL/Timers/Timer_Program.o
                0x00004406                __vector_5
 .text.__vector_6
                0x0000446c       0x66 ./1-MCAL/Timers/Timer_Program.o
                0x0000446c                __vector_6
 .text.__vector_7
                0x000044d2       0x66 ./1-MCAL/Timers/Timer_Program.o
                0x000044d2                __vector_7
 .text.__vector_8
                0x00004538       0x66 ./1-MCAL/Timers/Timer_Program.o
                0x00004538                __vector_8
 .text.__vector_9
                0x0000459e       0x66 ./1-MCAL/Timers/Timer_Program.o
                0x0000459e                __vector_9
 .text.__vector_10
                0x00004604       0x66 ./1-MCAL/Timers/Timer_Program.o
                0x00004604                __vector_10
 .text.__vector_11
                0x0000466a       0x66 ./1-MCAL/Timers/Timer_Program.o
                0x0000466a                __vector_11
 .text.SPI_enu_Init
                0x000046d0       0xb2 ./1-MCAL/SPI/SPI_Program.o
                0x000046d0                SPI_enu_Init
 .text.SPI_enu_Transceive
                0x00004782       0x3e ./1-MCAL/SPI/SPI_Program.o
                0x00004782                SPI_enu_Transceive
 .text.SPI_enu_Disable
                0x000047c0       0x1e ./1-MCAL/SPI/SPI_Program.o
                0x000047c0                SPI_enu_Disable
 .text.I2C_enu_clearAndCheckFlag
                0x000047de       0x26 ./1-MCAL/I2C/I2C_Program.o
 .text.I2C_enu_Init
                0x00004804       0x50 ./1-MCAL/I2C/I2C_Program.o
                0x00004804                I2C_enu_Init
 .text.I2C_enu_setSlaveAddress
                0x00004854       0x20 ./1-MCAL/I2C/I2C_Program.o
                0x00004854                I2C_enu_setSlaveAddress
 .text.I2C_enu_Start
                0x00004874       0x22 ./1-MCAL/I2C/I2C_Program.o
                0x00004874                I2C_enu_Start
 .text.I2C_enu_Stop
                0x00004896       0x2c ./1-MCAL/I2C/I2C_Program.o
                0x00004896                I2C_enu_Stop
 .text.I2C_enu_writeData
                0x000048c2       0x62 ./1-MCAL/I2C/I2C_Program.o
                0x000048c2                I2C_enu_writeData
 .text.I2C_enu_readData
                0x00004924       0x7e ./1-MCAL/I2C/I2C_Program.o
                0x00004924                I2C_enu_readData
 .text.GI_enu_Enable
                0x000049a2       0x1e ./1-MCAL/GI/GI_Program.o
                0x000049a2                GI_enu_Enable
 .text.GI_enu_Disable
                0x000049c0       0x1e ./1-MCAL/GI/GI_Program.o
                0x000049c0                GI_enu_Disable
 .text.EXTI_enu_Enable
                0x000049de      0x248 ./1-MCAL/EXTI/EXTI_Program.o
                0x000049de                EXTI_enu_Enable
 .text.EXTI_enu_Disable
                0x00004c26       0x80 ./1-MCAL/EXTI/EXTI_Program.o
                0x00004c26                EXTI_enu_Disable
 .text.EXTI_enu_setSenseControl
                0x00004ca6      0x21e ./1-MCAL/EXTI/EXTI_Program.o
                0x00004ca6                EXTI_enu_setSenseControl
 .text.EXTI_enu_setCallBack
                0x00004ec4       0x50 ./1-MCAL/EXTI/EXTI_Program.o
                0x00004ec4                EXTI_enu_setCallBack
 .text.__vector_1
                0x00004f14       0x66 ./1-MCAL/EXTI/EXTI_Program.o
                0x00004f14                __vector_1
 .text.__vector_2
                0x00004f7a       0x66 ./1-MCAL/EXTI/EXTI_Program.o
                0x00004f7a                __vector_2
 .text.__vector_3
                0x00004fe0       0x66 ./1-MCAL/EXTI/EXTI_Program.o
                0x00004fe0                __vector_3
 .text.DIO_enu_Init
                0x00005046       0x4a ./1-MCAL/DIO/DIO_program.o
                0x00005046                DIO_enu_Init
 .text.DIO_enu_SetPinDirection
                0x00005090      0x254 ./1-MCAL/DIO/DIO_program.o
                0x00005090                DIO_enu_SetPinDirection
 .text.DIO_enu_SetPinValue
                0x000052e4      0x254 ./1-MCAL/DIO/DIO_program.o
                0x000052e4                DIO_enu_SetPinValue
 .text.DIO_enu_GetPinValue
                0x00005538      0x132 ./1-MCAL/DIO/DIO_program.o
                0x00005538                DIO_enu_GetPinValue
 .text.DIO_enu_SetPortDirection
                0x0000566a      0x142 ./1-MCAL/DIO/DIO_program.o
                0x0000566a                DIO_enu_SetPortDirection
 .text.DIO_enu_SetPortValue
                0x000057ac       0x96 ./1-MCAL/DIO/DIO_program.o
                0x000057ac                DIO_enu_SetPortValue
 .text.DIO_enu_GetPortValue
                0x00005842       0xb4 ./1-MCAL/DIO/DIO_program.o
                0x00005842                DIO_enu_GetPortValue
 .text.DIO_enu_ToggPin
                0x000058f6      0x118 ./1-MCAL/DIO/DIO_program.o
                0x000058f6                DIO_enu_ToggPin
 .text.ADC_enu_Init
                0x00005a0e       0x64 ./1-MCAL/ADC/ADC_Program.o
                0x00005a0e                ADC_enu_Init
 .text.ADC_enu_GetDigitalValueSynchNonBlocking
                0x00005a72      0x10e ./1-MCAL/ADC/ADC_Program.o
                0x00005a72                ADC_enu_GetDigitalValueSynchNonBlocking
 .text.ADC_enu_GetDigitalValueASynch
                0x00005b80       0x8c ./1-MCAL/ADC/ADC_Program.o
                0x00005b80                ADC_enu_GetDigitalValueASynch
 .text.__vector_16
                0x00005c0c       0x82 ./1-MCAL/ADC/ADC_Program.o
                0x00005c0c                __vector_16
 .text.libgcc   0x00005c8e       0x3e c:/winavr-20100110/bin/../lib/gcc/avr/4.3.3/avr5\libgcc.a(_mulsi3.o)
                0x00005c8e                __mulsi3
 .text.libgcc   0x00005ccc       0x28 c:/winavr-20100110/bin/../lib/gcc/avr/4.3.3/avr5\libgcc.a(_udivmodhi4.o)
                0x00005ccc                __udivmodhi4
 .text.libgcc   0x00005cf4       0x44 c:/winavr-20100110/bin/../lib/gcc/avr/4.3.3/avr5\libgcc.a(_udivmodsi4.o)
                0x00005cf4                __udivmodsi4
 .text.libgcc   0x00005d38       0x36 c:/winavr-20100110/bin/../lib/gcc/avr/4.3.3/avr5\libgcc.a(_divmodsi4.o)
                0x00005d38                __divmodsi4
 .text.libgcc   0x00005d6e        0x0 c:/winavr-20100110/bin/../lib/gcc/avr/4.3.3/avr5\libgcc.a(_exit.o)
 .text.libgcc   0x00005d6e        0x0 c:/winavr-20100110/bin/../lib/gcc/avr/4.3.3/avr5\libgcc.a(_copy_data.o)
 .text.libgcc   0x00005d6e        0x0 c:/winavr-20100110/bin/../lib/gcc/avr/4.3.3/avr5\libgcc.a(_clear_bss.o)
 .text.libgcc   0x00005d6e       0x38 c:/winavr-20100110/bin/../lib/gcc/avr/4.3.3/avr5\libgcc.a(_prologue.o)
                0x00005d6e                __prologue_saves__
 .text.libgcc   0x00005da6       0x36 c:/winavr-20100110/bin/../lib/gcc/avr/4.3.3/avr5\libgcc.a(_epilogue.o)
                0x00005da6                __epilogue_restores__
                0x00005ddc                . = ALIGN (0x2)
 *(.fini9)
 .fini9         0x00005ddc        0x0 c:/winavr-20100110/bin/../lib/gcc/avr/4.3.3/avr5\libgcc.a(_exit.o)
                0x00005ddc                exit
                0x00005ddc                _exit
 *(.fini9)
 *(.fini8)
 *(.fini8)
 *(.fini7)
 *(.fini7)
 *(.fini6)
 *(.fini6)
 *(.fini5)
 *(.fini5)
 *(.fini4)
 *(.fini4)
 *(.fini3)
 *(.fini3)
 *(.fini2)
 *(.fini2)
 *(.fini1)
 *(.fini1)
 *(.fini0)
 .fini0         0x00005ddc        0x4 c:/winavr-20100110/bin/../lib/gcc/avr/4.3.3/avr5\libgcc.a(_exit.o)
 *(.fini0)
                0x00005de0                _etext = .

.data           0x00800060       0xea load address 0x00005de0
                0x00800060                PROVIDE (__data_start, .)
 *(.data)
 .data          0x00800060        0x0 c:/winavr-20100110/bin/../lib/gcc/avr/4.3.3/../../../../avr/lib/avr5/crtm32.o
 .data          0x00800060       0xac ./4-APP/APP.o
 .data          0x0080010c        0x0 ./4-APP/main.o
 .data          0x0080010c        0x0 ./2-HAL/Switch/Switcg_Config.o
 .data          0x0080010c        0x0 ./2-HAL/Switch/Switch_Program.o
 .data          0x0080010c        0x0 ./2-HAL/Stepper_Motor/Stepper_Motor_Program.o
 .data          0x0080010c        0x0 ./2-HAL/SevenSegment/SevenSEG_Program.o
 .data          0x0080010c        0x0 ./2-HAL/Servo_Motor/Servo_Program.o
 .data          0x0080010c        0x0 ./2-HAL/LCD/LCD_Program.o
 .data          0x0080010c        0x0 ./2-HAL/Keypad/Keypad_Program.o
 .data          0x0080010c        0x0 ./2-HAL/EEPROM/EEPROM_Program.o
 .data          0x0080010c        0x0 ./2-HAL/DC_Motor/DC_Motor_Program.o
 .data          0x0080010c        0x0 ./1-MCAL/WDT/WDT_Program.o
 .data          0x0080010c        0x0 ./1-MCAL/UART/UART_Program.o
 .data          0x0080010c        0x0 ./1-MCAL/Timers/Timer_Program.o
 .data          0x0080010c        0x0 ./1-MCAL/SPI/SPI_Program.o
 .data          0x0080010c        0x0 ./1-MCAL/I2C/I2C_Program.o
 .data          0x0080010c        0x0 ./1-MCAL/GI/GI_Program.o
 .data          0x0080010c        0x0 ./1-MCAL/EXTI/EXTI_Program.o
 .data          0x0080010c        0x0 ./1-MCAL/DIO/DIO_program.o
 .data          0x0080010c        0x0 ./1-MCAL/ADC/ADC_Program.o
 .data          0x0080010c        0x0 c:/winavr-20100110/bin/../lib/gcc/avr/4.3.3/avr5\libgcc.a(_mulsi3.o)
 .data          0x0080010c        0x0 c:/winavr-20100110/bin/../lib/gcc/avr/4.3.3/avr5\libgcc.a(_udivmodhi4.o)
 .data          0x0080010c        0x0 c:/winavr-20100110/bin/../lib/gcc/avr/4.3.3/avr5\libgcc.a(_udivmodsi4.o)
 .data          0x0080010c        0x0 c:/winavr-20100110/bin/../lib/gcc/avr/4.3.3/avr5\libgcc.a(_divmodsi4.o)
 .data          0x0080010c        0x0 c:/winavr-20100110/bin/../lib/gcc/avr/4.3.3/avr5\libgcc.a(_exit.o)
 .data          0x0080010c        0x0 c:/winavr-20100110/bin/../lib/gcc/avr/4.3.3/avr5\libgcc.a(_copy_data.o)
 .data          0x0080010c        0x0 c:/winavr-20100110/bin/../lib/gcc/avr/4.3.3/avr5\libgcc.a(_clear_bss.o)
 .data          0x0080010c        0x0 c:/winavr-20100110/bin/../lib/gcc/avr/4.3.3/avr5\libgcc.a(_fixunssfsi.o)
 .data          0x0080010c        0x0 c:/winavr-20100110/bin/../lib/gcc/avr/4.3.3/avr5\libgcc.a(_addsub_sf.o)
 .data          0x0080010c        0x0 c:/winavr-20100110/bin/../lib/gcc/avr/4.3.3/avr5\libgcc.a(_mul_sf.o)
 .data          0x0080010c        0x0 c:/winavr-20100110/bin/../lib/gcc/avr/4.3.3/avr5\libgcc.a(_div_sf.o)
 .data          0x0080010c        0x0 c:/winavr-20100110/bin/../lib/gcc/avr/4.3.3/avr5\libgcc.a(_gt_sf.o)
 .data          0x0080010c        0x0 c:/winavr-20100110/bin/../lib/gcc/avr/4.3.3/avr5\libgcc.a(_ge_sf.o)
 .data          0x0080010c        0x0 c:/winavr-20100110/bin/../lib/gcc/avr/4.3.3/avr5\libgcc.a(_lt_sf.o)
 .data          0x0080010c        0x0 c:/winavr-20100110/bin/../lib/gcc/avr/4.3.3/avr5\libgcc.a(_sf_to_si.o)
 .data          0x0080010c        0x8 c:/winavr-20100110/bin/../lib/gcc/avr/4.3.3/avr5\libgcc.a(_thenan_sf.o)
                0x0080010c                __thenan_sf
 .data          0x00800114        0x0 c:/winavr-20100110/bin/../lib/gcc/avr/4.3.3/avr5\libgcc.a(_prologue.o)
 .data          0x00800114        0x0 c:/winavr-20100110/bin/../lib/gcc/avr/4.3.3/avr5\libgcc.a(_epilogue.o)
 .data          0x00800114        0x0 c:/winavr-20100110/bin/../lib/gcc/avr/4.3.3/avr5\libgcc.a(_pack_sf.o)
 .data          0x00800114        0x0 c:/winavr-20100110/bin/../lib/gcc/avr/4.3.3/avr5\libgcc.a(_unpack_sf.o)
 .data          0x00800114        0x0 c:/winavr-20100110/bin/../lib/gcc/avr/4.3.3/avr5\libgcc.a(_fpcmp_parts_sf.o)
 *(.data*)
 .data.savedPass
                0x00800114        0x6 ./4-APP/APP.o
                0x00800114                savedPass
 .data.switches
                0x0080011a        0x6 ./2-HAL/Switch/Switcg_Config.o
                0x0080011a                switches
 .data.SevenSeg_au8_Numbers
                0x00800120        0xa ./2-HAL/SevenSegment/SevenSEG_Program.o
                0x00800120                SevenSeg_au8_Numbers
 .data.SevenSeg_au8_Pins
                0x0080012a        0x7 ./2-HAL/SevenSegment/SevenSEG_Program.o
                0x0080012a                SevenSeg_au8_Pins
 *(.rodata)
 *(.rodata*)
 .rodata.Keypad_Au8_Keys
                0x00800131       0x10 ./2-HAL/Keypad/Keypad_Program.o
                0x00800131                Keypad_Au8_Keys
 .rodata.Keypad_Au8_RowsPins
                0x00800141        0x4 ./2-HAL/Keypad/Keypad_Program.o
                0x00800141                Keypad_Au8_RowsPins
 .rodata.Keypad_Au8_ColsPins
                0x00800145        0x4 ./2-HAL/Keypad/Keypad_Program.o
                0x00800145                Keypad_Au8_ColsPins
 *(.gnu.linkonce.d*)
                0x0080014a                . = ALIGN (0x2)
 *fill*         0x00800149        0x1 00
                0x0080014a                _edata = .
                0x0080014a                PROVIDE (__data_end, .)

.bss            0x0080014a       0x2c
                0x0080014a                PROVIDE (__bss_start, .)
 *(.bss)
 .bss           0x0080014a        0x0 c:/winavr-20100110/bin/../lib/gcc/avr/4.3.3/../../../../avr/lib/avr5/crtm32.o
 .bss           0x0080014a        0x0 ./4-APP/APP.o
 .bss           0x0080014a        0x0 ./4-APP/main.o
 .bss           0x0080014a        0x0 ./2-HAL/Switch/Switcg_Config.o
 .bss           0x0080014a        0x0 ./2-HAL/Switch/Switch_Program.o
 .bss           0x0080014a        0x0 ./2-HAL/Stepper_Motor/Stepper_Motor_Program.o
 .bss           0x0080014a        0x0 ./2-HAL/SevenSegment/SevenSEG_Program.o
 .bss           0x0080014a        0x0 ./2-HAL/Servo_Motor/Servo_Program.o
 .bss           0x0080014a        0x0 ./2-HAL/LCD/LCD_Program.o
 .bss           0x0080014a        0x0 ./2-HAL/Keypad/Keypad_Program.o
 .bss           0x0080014a        0x0 ./2-HAL/EEPROM/EEPROM_Program.o
 .bss           0x0080014a        0x0 ./2-HAL/DC_Motor/DC_Motor_Program.o
 .bss           0x0080014a        0x0 ./1-MCAL/WDT/WDT_Program.o
 .bss           0x0080014a        0x0 ./1-MCAL/UART/UART_Program.o
 .bss           0x0080014a        0x0 ./1-MCAL/Timers/Timer_Program.o
 .bss           0x0080014a        0x0 ./1-MCAL/SPI/SPI_Program.o
 .bss           0x0080014a        0x0 ./1-MCAL/I2C/I2C_Program.o
 .bss           0x0080014a        0x0 ./1-MCAL/GI/GI_Program.o
 .bss           0x0080014a        0x0 ./1-MCAL/EXTI/EXTI_Program.o
 .bss           0x0080014a        0x0 ./1-MCAL/DIO/DIO_program.o
 .bss           0x0080014a        0x0 ./1-MCAL/ADC/ADC_Program.o
 .bss           0x0080014a        0x0 c:/winavr-20100110/bin/../lib/gcc/avr/4.3.3/avr5\libgcc.a(_mulsi3.o)
 .bss           0x0080014a        0x0 c:/winavr-20100110/bin/../lib/gcc/avr/4.3.3/avr5\libgcc.a(_udivmodhi4.o)
 .bss           0x0080014a        0x0 c:/winavr-20100110/bin/../lib/gcc/avr/4.3.3/avr5\libgcc.a(_udivmodsi4.o)
 .bss           0x0080014a        0x0 c:/winavr-20100110/bin/../lib/gcc/avr/4.3.3/avr5\libgcc.a(_divmodsi4.o)
 .bss           0x0080014a        0x0 c:/winavr-20100110/bin/../lib/gcc/avr/4.3.3/avr5\libgcc.a(_exit.o)
 .bss           0x0080014a        0x0 c:/winavr-20100110/bin/../lib/gcc/avr/4.3.3/avr5\libgcc.a(_copy_data.o)
 .bss           0x0080014a        0x0 c:/winavr-20100110/bin/../lib/gcc/avr/4.3.3/avr5\libgcc.a(_clear_bss.o)
 .bss           0x0080014a        0x0 c:/winavr-20100110/bin/../lib/gcc/avr/4.3.3/avr5\libgcc.a(_fixunssfsi.o)
 .bss           0x0080014a        0x0 c:/winavr-20100110/bin/../lib/gcc/avr/4.3.3/avr5\libgcc.a(_addsub_sf.o)
 .bss           0x0080014a        0x0 c:/winavr-20100110/bin/../lib/gcc/avr/4.3.3/avr5\libgcc.a(_mul_sf.o)
 .bss           0x0080014a        0x0 c:/winavr-20100110/bin/../lib/gcc/avr/4.3.3/avr5\libgcc.a(_div_sf.o)
 .bss           0x0080014a        0x0 c:/winavr-20100110/bin/../lib/gcc/avr/4.3.3/avr5\libgcc.a(_gt_sf.o)
 .bss           0x0080014a        0x0 c:/winavr-20100110/bin/../lib/gcc/avr/4.3.3/avr5\libgcc.a(_ge_sf.o)
 .bss           0x0080014a        0x0 c:/winavr-20100110/bin/../lib/gcc/avr/4.3.3/avr5\libgcc.a(_lt_sf.o)
 .bss           0x0080014a        0x0 c:/winavr-20100110/bin/../lib/gcc/avr/4.3.3/avr5\libgcc.a(_sf_to_si.o)
 .bss           0x0080014a        0x0 c:/winavr-20100110/bin/../lib/gcc/avr/4.3.3/avr5\libgcc.a(_thenan_sf.o)
 .bss           0x0080014a        0x0 c:/winavr-20100110/bin/../lib/gcc/avr/4.3.3/avr5\libgcc.a(_prologue.o)
 .bss           0x0080014a        0x0 c:/winavr-20100110/bin/../lib/gcc/avr/4.3.3/avr5\libgcc.a(_epilogue.o)
 .bss           0x0080014a        0x0 c:/winavr-20100110/bin/../lib/gcc/avr/4.3.3/avr5\libgcc.a(_pack_sf.o)
 .bss           0x0080014a        0x0 c:/winavr-20100110/bin/../lib/gcc/avr/4.3.3/avr5\libgcc.a(_unpack_sf.o)
 .bss           0x0080014a        0x0 c:/winavr-20100110/bin/../lib/gcc/avr/4.3.3/avr5\libgcc.a(_fpcmp_parts_sf.o)
 *(.bss*)
 .bss.key       0x0080014a        0x1 ./4-APP/APP.o
                0x0080014a                key
 .bss.order     0x0080014b        0x1 ./4-APP/APP.o
                0x0080014b                order
 .bss.Index     0x0080014c        0x1 ./4-APP/APP.o
                0x0080014c                Index
 .bss.checkCounter
                0x0080014d        0x1 ./4-APP/APP.o
                0x0080014d                checkCounter
 .bss.homeFlag  0x0080014e        0x1 ./4-APP/APP.o
                0x0080014e                homeFlag
 .bss.inputFlag
                0x0080014f        0x1 ./4-APP/APP.o
                0x0080014f                inputFlag
 .bss.dummy     0x00800150        0x1 ./4-APP/APP.o
                0x00800150                dummy
 .bss.UART_pf_TX
                0x00800151        0x2 ./1-MCAL/UART/UART_Program.o
 .bss.UART_pf_RX
                0x00800153        0x2 ./1-MCAL/UART/UART_Program.o
 .bss.UART_pu8_String
                0x00800155        0x2 ./1-MCAL/UART/UART_Program.o
 .bss.Timers_pf_Timer0
                0x00800157        0x4 ./1-MCAL/Timers/Timer_Program.o
 .bss.Timers_pf_Timer1
                0x0080015b        0x8 ./1-MCAL/Timers/Timer_Program.o
 .bss.Timers_pf_Timer2
                0x00800163        0x4 ./1-MCAL/Timers/Timer_Program.o
 .bss.Timer0_u8_Prescaler
                0x00800167        0x1 ./1-MCAL/Timers/Timer_Program.o
 .bss.Apf_EXTI  0x00800168        0x6 ./1-MCAL/EXTI/EXTI_Program.o
 .bss.ADC_pf_Notification
                0x0080016e        0x2 ./1-MCAL/ADC/ADC_Program.o
 .bss.ADC_u8_busyFlag
                0x00800170        0x1 ./1-MCAL/ADC/ADC_Program.o
 *(COMMON)
 COMMON         0x00800171        0x5 ./4-APP/APP.o
                0x00800171                pass
                0x00800176                PROVIDE (__bss_end, .)
                0x00005de0                __data_load_start = LOADADDR (.data)
                0x00005eca                __data_load_end = (__data_load_start + SIZEOF (.data))

.noinit         0x00800176        0x0
                0x00800176                PROVIDE (__noinit_start, .)
 *(.noinit*)
                0x00800176                PROVIDE (__noinit_end, .)
                0x00800176                _end = .
                0x00800176                PROVIDE (__heap_start, .)

.eeprom         0x00810000        0x0
 *(.eeprom*)
                0x00810000                __eeprom_end = .

.fuse
 *(.fuse)
 *(.lfuse)
 *(.hfuse)
 *(.efuse)

.lock
 *(.lock*)

.signature
 *(.signature*)

.stab           0x00000000     0x732c
 *(.stab)
 .stab          0x00000000      0x828 ./4-APP/APP.o
 .stab          0x00000828      0x168 ./4-APP/main.o
                                0x21c (size before relaxing)
 .stab          0x00000990      0x1b0 ./2-HAL/Switch/Switcg_Config.o
                                0x1bc (size before relaxing)
 .stab          0x00000b40      0x4e0 ./2-HAL/Switch/Switch_Program.o
                                0x504 (size before relaxing)
 .stab          0x00001020      0x6c0 ./2-HAL/Stepper_Motor/Stepper_Motor_Program.o
                                0x858 (size before relaxing)
 .stab          0x000016e0      0x288 ./2-HAL/SevenSegment/SevenSEG_Program.o
                                0x294 (size before relaxing)
 .stab          0x00001968      0x384 ./2-HAL/Servo_Motor/Servo_Program.o
                                0x390 (size before relaxing)
 .stab          0x00001cec     0x10ec ./2-HAL/LCD/LCD_Program.o
                               0x1284 (size before relaxing)
 .stab          0x00002dd8      0x480 ./2-HAL/Keypad/Keypad_Program.o
                                0x618 (size before relaxing)
 .stab          0x00003258      0x39c ./2-HAL/EEPROM/EEPROM_Program.o
                                0x534 (size before relaxing)
 .stab          0x000035f4      0x468 ./2-HAL/DC_Motor/DC_Motor_Program.o
                                0x474 (size before relaxing)
 .stab          0x00003a5c      0x264 ./1-MCAL/WDT/WDT_Program.o
                                0x270 (size before relaxing)
 .stab          0x00003cc0      0x750 ./1-MCAL/UART/UART_Program.o
                                0x75c (size before relaxing)
 .stab          0x00004410     0x1158 ./1-MCAL/Timers/Timer_Program.o
                               0x1164 (size before relaxing)
 .stab          0x00005568      0x2f4 ./1-MCAL/SPI/SPI_Program.o
                                0x300 (size before relaxing)
 .stab          0x0000585c      0x48c ./1-MCAL/I2C/I2C_Program.o
                                0x498 (size before relaxing)
 .stab          0x00005ce8      0x1f8 ./1-MCAL/GI/GI_Program.o
                                0x204 (size before relaxing)
 .stab          0x00005ee0      0x6fc ./1-MCAL/EXTI/EXTI_Program.o
                                0x708 (size before relaxing)
 .stab          0x000065dc      0x8e8 ./1-MCAL/DIO/DIO_program.o
                                0x8f4 (size before relaxing)
 .stab          0x00006ec4      0x468 ./1-MCAL/ADC/ADC_Program.o
                                0x474 (size before relaxing)

.stabstr        0x00000000     0x27c2
 *(.stabstr)
 .stabstr       0x00000000     0x27c2 ./4-APP/APP.o

.stab.excl
 *(.stab.excl)

.stab.exclstr
 *(.stab.exclstr)

.stab.index
 *(.stab.index)

.stab.indexstr
 *(.stab.indexstr)

.comment
 *(.comment)

.debug
 *(.debug)

.line
 *(.line)

.debug_srcinfo
 *(.debug_srcinfo)

.debug_sfnames
 *(.debug_sfnames)

.debug_aranges  0x00000000      0x160
 *(.debug_aranges)
 .debug_aranges
                0x00000000       0x20 c:/winavr-20100110/bin/../lib/gcc/avr/4.3.3/avr5\libgcc.a(_fixunssfsi.o)
 .debug_aranges
                0x00000020       0x20 c:/winavr-20100110/bin/../lib/gcc/avr/4.3.3/avr5\libgcc.a(_addsub_sf.o)
 .debug_aranges
                0x00000040       0x20 c:/winavr-20100110/bin/../lib/gcc/avr/4.3.3/avr5\libgcc.a(_mul_sf.o)
 .debug_aranges
                0x00000060       0x20 c:/winavr-20100110/bin/../lib/gcc/avr/4.3.3/avr5\libgcc.a(_div_sf.o)
 .debug_aranges
                0x00000080       0x20 c:/winavr-20100110/bin/../lib/gcc/avr/4.3.3/avr5\libgcc.a(_gt_sf.o)
 .debug_aranges
                0x000000a0       0x20 c:/winavr-20100110/bin/../lib/gcc/avr/4.3.3/avr5\libgcc.a(_ge_sf.o)
 .debug_aranges
                0x000000c0       0x20 c:/winavr-20100110/bin/../lib/gcc/avr/4.3.3/avr5\libgcc.a(_lt_sf.o)
 .debug_aranges
                0x000000e0       0x20 c:/winavr-20100110/bin/../lib/gcc/avr/4.3.3/avr5\libgcc.a(_sf_to_si.o)
 .debug_aranges
                0x00000100       0x20 c:/winavr-20100110/bin/../lib/gcc/avr/4.3.3/avr5\libgcc.a(_pack_sf.o)
 .debug_aranges
                0x00000120       0x20 c:/winavr-20100110/bin/../lib/gcc/avr/4.3.3/avr5\libgcc.a(_unpack_sf.o)
 .debug_aranges
                0x00000140       0x20 c:/winavr-20100110/bin/../lib/gcc/avr/4.3.3/avr5\libgcc.a(_fpcmp_parts_sf.o)

.debug_pubnames
                0x00000000      0x18f
 *(.debug_pubnames)
 .debug_pubnames
                0x00000000       0x23 c:/winavr-20100110/bin/../lib/gcc/avr/4.3.3/avr5\libgcc.a(_fixunssfsi.o)
 .debug_pubnames
                0x00000023       0x2c c:/winavr-20100110/bin/../lib/gcc/avr/4.3.3/avr5\libgcc.a(_addsub_sf.o)
 .debug_pubnames
                0x0000004f       0x1f c:/winavr-20100110/bin/../lib/gcc/avr/4.3.3/avr5\libgcc.a(_mul_sf.o)
 .debug_pubnames
                0x0000006e       0x1f c:/winavr-20100110/bin/../lib/gcc/avr/4.3.3/avr5\libgcc.a(_div_sf.o)
 .debug_pubnames
                0x0000008d       0x1e c:/winavr-20100110/bin/../lib/gcc/avr/4.3.3/avr5\libgcc.a(_gt_sf.o)
 .debug_pubnames
                0x000000ab       0x1e c:/winavr-20100110/bin/../lib/gcc/avr/4.3.3/avr5\libgcc.a(_ge_sf.o)
 .debug_pubnames
                0x000000c9       0x1e c:/winavr-20100110/bin/../lib/gcc/avr/4.3.3/avr5\libgcc.a(_lt_sf.o)
 .debug_pubnames
                0x000000e7       0x20 c:/winavr-20100110/bin/../lib/gcc/avr/4.3.3/avr5\libgcc.a(_sf_to_si.o)
 .debug_pubnames
                0x00000107       0x22 c:/winavr-20100110/bin/../lib/gcc/avr/4.3.3/avr5\libgcc.a(_thenan_sf.o)
 .debug_pubnames
                0x00000129       0x1f c:/winavr-20100110/bin/../lib/gcc/avr/4.3.3/avr5\libgcc.a(_pack_sf.o)
 .debug_pubnames
                0x00000148       0x21 c:/winavr-20100110/bin/../lib/gcc/avr/4.3.3/avr5\libgcc.a(_unpack_sf.o)
 .debug_pubnames
                0x00000169       0x26 c:/winavr-20100110/bin/../lib/gcc/avr/4.3.3/avr5\libgcc.a(_fpcmp_parts_sf.o)

.debug_info     0x00000000     0x2045
 *(.debug_info)
 .debug_info    0x00000000       0xb1 c:/winavr-20100110/bin/../lib/gcc/avr/4.3.3/avr5\libgcc.a(_fixunssfsi.o)
 .debug_info    0x000000b1      0x47a c:/winavr-20100110/bin/../lib/gcc/avr/4.3.3/avr5\libgcc.a(_addsub_sf.o)
 .debug_info    0x0000052b      0x485 c:/winavr-20100110/bin/../lib/gcc/avr/4.3.3/avr5\libgcc.a(_mul_sf.o)
 .debug_info    0x000009b0      0x3fc c:/winavr-20100110/bin/../lib/gcc/avr/4.3.3/avr5\libgcc.a(_div_sf.o)
 .debug_info    0x00000dac      0x27f c:/winavr-20100110/bin/../lib/gcc/avr/4.3.3/avr5\libgcc.a(_gt_sf.o)
 .debug_info    0x0000102b      0x27f c:/winavr-20100110/bin/../lib/gcc/avr/4.3.3/avr5\libgcc.a(_ge_sf.o)
 .debug_info    0x000012aa      0x27f c:/winavr-20100110/bin/../lib/gcc/avr/4.3.3/avr5\libgcc.a(_lt_sf.o)
 .debug_info    0x00001529      0x2b0 c:/winavr-20100110/bin/../lib/gcc/avr/4.3.3/avr5\libgcc.a(_sf_to_si.o)
 .debug_info    0x000017d9      0x12c c:/winavr-20100110/bin/../lib/gcc/avr/4.3.3/avr5\libgcc.a(_thenan_sf.o)
 .debug_info    0x00001905      0x2df c:/winavr-20100110/bin/../lib/gcc/avr/4.3.3/avr5\libgcc.a(_pack_sf.o)
 .debug_info    0x00001be4      0x251 c:/winavr-20100110/bin/../lib/gcc/avr/4.3.3/avr5\libgcc.a(_unpack_sf.o)
 .debug_info    0x00001e35      0x210 c:/winavr-20100110/bin/../lib/gcc/avr/4.3.3/avr5\libgcc.a(_fpcmp_parts_sf.o)
 *(.gnu.linkonce.wi.*)

.debug_abbrev   0x00000000     0x1101
 *(.debug_abbrev)
 .debug_abbrev  0x00000000       0x5d c:/winavr-20100110/bin/../lib/gcc/avr/4.3.3/avr5\libgcc.a(_fixunssfsi.o)
 .debug_abbrev  0x0000005d      0x1ea c:/winavr-20100110/bin/../lib/gcc/avr/4.3.3/avr5\libgcc.a(_addsub_sf.o)
 .debug_abbrev  0x00000247      0x21b c:/winavr-20100110/bin/../lib/gcc/avr/4.3.3/avr5\libgcc.a(_mul_sf.o)
 .debug_abbrev  0x00000462      0x216 c:/winavr-20100110/bin/../lib/gcc/avr/4.3.3/avr5\libgcc.a(_div_sf.o)
 .debug_abbrev  0x00000678      0x15a c:/winavr-20100110/bin/../lib/gcc/avr/4.3.3/avr5\libgcc.a(_gt_sf.o)
 .debug_abbrev  0x000007d2      0x15a c:/winavr-20100110/bin/../lib/gcc/avr/4.3.3/avr5\libgcc.a(_ge_sf.o)
 .debug_abbrev  0x0000092c      0x15a c:/winavr-20100110/bin/../lib/gcc/avr/4.3.3/avr5\libgcc.a(_lt_sf.o)
 .debug_abbrev  0x00000a86      0x17f c:/winavr-20100110/bin/../lib/gcc/avr/4.3.3/avr5\libgcc.a(_sf_to_si.o)
 .debug_abbrev  0x00000c05       0xad c:/winavr-20100110/bin/../lib/gcc/avr/4.3.3/avr5\libgcc.a(_thenan_sf.o)
 .debug_abbrev  0x00000cb2      0x1c0 c:/winavr-20100110/bin/../lib/gcc/avr/4.3.3/avr5\libgcc.a(_pack_sf.o)
 .debug_abbrev  0x00000e72      0x154 c:/winavr-20100110/bin/../lib/gcc/avr/4.3.3/avr5\libgcc.a(_unpack_sf.o)
 .debug_abbrev  0x00000fc6      0x13b c:/winavr-20100110/bin/../lib/gcc/avr/4.3.3/avr5\libgcc.a(_fpcmp_parts_sf.o)

.debug_line     0x00000000      0xf82
 *(.debug_line)
 .debug_line    0x00000000       0xa7 c:/winavr-20100110/bin/../lib/gcc/avr/4.3.3/avr5\libgcc.a(_fixunssfsi.o)
 .debug_line    0x000000a7      0x2af c:/winavr-20100110/bin/../lib/gcc/avr/4.3.3/avr5\libgcc.a(_addsub_sf.o)
 .debug_line    0x00000356      0x239 c:/winavr-20100110/bin/../lib/gcc/avr/4.3.3/avr5\libgcc.a(_mul_sf.o)
 .debug_line    0x0000058f      0x1d5 c:/winavr-20100110/bin/../lib/gcc/avr/4.3.3/avr5\libgcc.a(_div_sf.o)
 .debug_line    0x00000764       0xd3 c:/winavr-20100110/bin/../lib/gcc/avr/4.3.3/avr5\libgcc.a(_gt_sf.o)
 .debug_line    0x00000837       0xd3 c:/winavr-20100110/bin/../lib/gcc/avr/4.3.3/avr5\libgcc.a(_ge_sf.o)
 .debug_line    0x0000090a       0xd3 c:/winavr-20100110/bin/../lib/gcc/avr/4.3.3/avr5\libgcc.a(_lt_sf.o)
 .debug_line    0x000009dd      0x109 c:/winavr-20100110/bin/../lib/gcc/avr/4.3.3/avr5\libgcc.a(_sf_to_si.o)
 .debug_line    0x00000ae6       0x90 c:/winavr-20100110/bin/../lib/gcc/avr/4.3.3/avr5\libgcc.a(_thenan_sf.o)
 .debug_line    0x00000b76      0x18a c:/winavr-20100110/bin/../lib/gcc/avr/4.3.3/avr5\libgcc.a(_pack_sf.o)
 .debug_line    0x00000d00      0x14b c:/winavr-20100110/bin/../lib/gcc/avr/4.3.3/avr5\libgcc.a(_unpack_sf.o)
 .debug_line    0x00000e4b      0x137 c:/winavr-20100110/bin/../lib/gcc/avr/4.3.3/avr5\libgcc.a(_fpcmp_parts_sf.o)

.debug_frame    0x00000000      0x180
 *(.debug_frame)
 .debug_frame   0x00000000       0x20 c:/winavr-20100110/bin/../lib/gcc/avr/4.3.3/avr5\libgcc.a(_fixunssfsi.o)
 .debug_frame   0x00000020       0x40 c:/winavr-20100110/bin/../lib/gcc/avr/4.3.3/avr5\libgcc.a(_addsub_sf.o)
 .debug_frame   0x00000060       0x20 c:/winavr-20100110/bin/../lib/gcc/avr/4.3.3/avr5\libgcc.a(_mul_sf.o)
 .debug_frame   0x00000080       0x20 c:/winavr-20100110/bin/../lib/gcc/avr/4.3.3/avr5\libgcc.a(_div_sf.o)
 .debug_frame   0x000000a0       0x20 c:/winavr-20100110/bin/../lib/gcc/avr/4.3.3/avr5\libgcc.a(_gt_sf.o)
 .debug_frame   0x000000c0       0x20 c:/winavr-20100110/bin/../lib/gcc/avr/4.3.3/avr5\libgcc.a(_ge_sf.o)
 .debug_frame   0x000000e0       0x20 c:/winavr-20100110/bin/../lib/gcc/avr/4.3.3/avr5\libgcc.a(_lt_sf.o)
 .debug_frame   0x00000100       0x20 c:/winavr-20100110/bin/../lib/gcc/avr/4.3.3/avr5\libgcc.a(_sf_to_si.o)
 .debug_frame   0x00000120       0x20 c:/winavr-20100110/bin/../lib/gcc/avr/4.3.3/avr5\libgcc.a(_pack_sf.o)
 .debug_frame   0x00000140       0x20 c:/winavr-20100110/bin/../lib/gcc/avr/4.3.3/avr5\libgcc.a(_unpack_sf.o)
 .debug_frame   0x00000160       0x20 c:/winavr-20100110/bin/../lib/gcc/avr/4.3.3/avr5\libgcc.a(_fpcmp_parts_sf.o)

.debug_str      0x00000000      0x2c2
 *(.debug_str)
 .debug_str     0x00000000       0xbf c:/winavr-20100110/bin/../lib/gcc/avr/4.3.3/avr5\libgcc.a(_fixunssfsi.o)
                                 0xfe (size before relaxing)
 .debug_str     0x000000bf      0x14d c:/winavr-20100110/bin/../lib/gcc/avr/4.3.3/avr5\libgcc.a(_addsub_sf.o)
                                0x206 (size before relaxing)
 .debug_str     0x0000020c       0x27 c:/winavr-20100110/bin/../lib/gcc/avr/4.3.3/avr5\libgcc.a(_mul_sf.o)
                                0x1bf (size before relaxing)
 .debug_str     0x00000233       0x35 c:/winavr-20100110/bin/../lib/gcc/avr/4.3.3/avr5\libgcc.a(_div_sf.o)
                                0x1c8 (size before relaxing)
 .debug_str     0x00000268        0xf c:/winavr-20100110/bin/../lib/gcc/avr/4.3.3/avr5\libgcc.a(_gt_sf.o)
                                0x195 (size before relaxing)
 .debug_str     0x00000277        0x8 c:/winavr-20100110/bin/../lib/gcc/avr/4.3.3/avr5\libgcc.a(_ge_sf.o)
                                0x195 (size before relaxing)
 .debug_str     0x0000027f        0x8 c:/winavr-20100110/bin/../lib/gcc/avr/4.3.3/avr5\libgcc.a(_lt_sf.o)
                                0x195 (size before relaxing)
 .debug_str     0x00000287        0xa c:/winavr-20100110/bin/../lib/gcc/avr/4.3.3/avr5\libgcc.a(_sf_to_si.o)
                                0x19e (size before relaxing)
 .debug_str     0x00000000      0x103 c:/winavr-20100110/bin/../lib/gcc/avr/4.3.3/avr5\libgcc.a(_thenan_sf.o)
 .debug_str     0x00000291       0x16 c:/winavr-20100110/bin/../lib/gcc/avr/4.3.3/avr5\libgcc.a(_pack_sf.o)
                                0x19d (size before relaxing)
 .debug_str     0x000002a7        0xb c:/winavr-20100110/bin/../lib/gcc/avr/4.3.3/avr5\libgcc.a(_unpack_sf.o)
                                0x17f (size before relaxing)
 .debug_str     0x000002b2       0x10 c:/winavr-20100110/bin/../lib/gcc/avr/4.3.3/avr5\libgcc.a(_fpcmp_parts_sf.o)
                                0x163 (size before relaxing)

.debug_loc      0x00000000      0x88e
 *(.debug_loc)
 .debug_loc     0x00000000       0x34 c:/winavr-20100110/bin/../lib/gcc/avr/4.3.3/avr5\libgcc.a(_fixunssfsi.o)
 .debug_loc     0x00000034      0x32a c:/winavr-20100110/bin/../lib/gcc/avr/4.3.3/avr5\libgcc.a(_addsub_sf.o)
 .debug_loc     0x0000035e      0x104 c:/winavr-20100110/bin/../lib/gcc/avr/4.3.3/avr5\libgcc.a(_mul_sf.o)
 .debug_loc     0x00000462       0xc0 c:/winavr-20100110/bin/../lib/gcc/avr/4.3.3/avr5\libgcc.a(_div_sf.o)
 .debug_loc     0x00000522       0x3c c:/winavr-20100110/bin/../lib/gcc/avr/4.3.3/avr5\libgcc.a(_gt_sf.o)
 .debug_loc     0x0000055e       0x3c c:/winavr-20100110/bin/../lib/gcc/avr/4.3.3/avr5\libgcc.a(_ge_sf.o)
 .debug_loc     0x0000059a       0x3c c:/winavr-20100110/bin/../lib/gcc/avr/4.3.3/avr5\libgcc.a(_lt_sf.o)
 .debug_loc     0x000005d6       0x7e c:/winavr-20100110/bin/../lib/gcc/avr/4.3.3/avr5\libgcc.a(_sf_to_si.o)
 .debug_loc     0x00000654      0x13e c:/winavr-20100110/bin/../lib/gcc/avr/4.3.3/avr5\libgcc.a(_pack_sf.o)
 .debug_loc     0x00000792       0xac c:/winavr-20100110/bin/../lib/gcc/avr/4.3.3/avr5\libgcc.a(_unpack_sf.o)
 .debug_loc     0x0000083e       0x50 c:/winavr-20100110/bin/../lib/gcc/avr/4.3.3/avr5\libgcc.a(_fpcmp_parts_sf.o)

.debug_macinfo
 *(.debug_macinfo)
OUTPUT(Motor_DashBoard_SPI_MASTER.elf elf32-avr)
LOAD linker stubs

.debug_ranges   0x00000000       0x50
 .debug_ranges  0x00000000       0x50 c:/winavr-20100110/bin/../lib/gcc/avr/4.3.3/avr5\libgcc.a(_mul_sf.o)
